Toolchain path: /home/corey/esp/xtensa-esp32-elf/bin/xtensa-esp32-elf-gcc
Toolchain version: crosstool-ng-1.22.0-80-g6c4433a
Compiler version: 5.2.0
Python requirements from /home/corey/esp/esp-idf/requirements.txt are satisfied.

Project is not inside a git repository, will not use 'git describe' to determine PROJECT_VER.
App "https_server" version: 1
Flashing binaries to serial port /dev/ttyUSB0 (app at offset 0x10000)...
esptool.py v2.6
Serial port /dev/ttyUSB0
Connecting....
Chip is ESP32D0WDQ5 (revision 1)
Features: WiFi, BT, Dual Core, 240MHz, VRef calibration in efuse, Coding Scheme None
MAC: 30:ae:a4:dd:a5:5c
Uploading stub...
Running stub...
Stub running...
Configuring flash size...
Auto-detected Flash size: 4MB
Compressed 24416 bytes to 14616...
Writing at 0x00001000... (100 %)Wrote 24416 bytes (14616 compressed) at 0x00001000 in 1.3 seconds (effective 150.5 kbit/s)...
Hash of data verified.
Compressed 206064 bytes to 106649...
Writing at 0x00010000... (14 %)Writing at 0x00014000... (28 %)Writing at 0x00018000... (42 %)Writing at 0x0001c000... (57 %)Writing at 0x00020000... (71 %)Writing at 0x00024000... (85 %)Writing at 0x00028000... (100 %)Wrote 206064 bytes (106649 compressed) at 0x00010000 in 9.5 seconds (effective 174.4 kbit/s)...
Hash of data verified.
Compressed 3072 bytes to 117...
Writing at 0x00008000... (100 %)Wrote 3072 bytes (117 compressed) at 0x00008000 in 0.0 seconds (effective 1541.3 kbit/s)...
Hash of data verified.

Leaving...
Hard resetting via RTS pin...
MONITOR
[0;33m--- idf_monitor on /dev/ttyUSB0 115200 ---[0m
[0;33m--- Quit: Ctrl+] | Menu: Ctrl+T | Help: Ctrl+T followed by Ctrl+H ---[0m
[0;32mIüets Jun  8 2016 00:22:57

rst:0x1 (POWERON_RESET),boot:0x13 (SPI_FAST_FLASH_BOOT)
configsip: 0, SPIWP:0xee
clk_drv:0x00,q_drv:0x00,d_drv:0x00,cs0_drv:0x00,hd_drv:0x00,wp_drv:0x00
mode:DIO, clock div:2
load:0x3fff0018,len:4
load:0x3fff001c,len:6324
load:0x40078000,len:11308
load:0x40080400,len:6680
entry 0x40080760
[0;32mI (28) boot: ESP-IDF v3.3-beta2-20-gff020c3a1 2nd stage bootloader[0m
[0;32mI (28) boot: compile time 20:26:51[0m
[0;32mI (28) boot: Enabling RNG early entropy source...[0m
[0;32mI (34) boot: SPI Speed      : 40MHz[0m
[0;32mI (39) boot: SPI Mode       : DIO[0m
[0;32mI (43) boot: SPI Flash Size : 4MB[0m
[0;32mI (47) boot: Partition Table:[0m
[0;32mI (50) boot: ## Label            Usage          Type ST Offset   Length[0m
[0;32mI (58) boot:  0 nvs              WiFi data        01 02 00009000 00006000[0m
[0;32mI (65) boot:  1 phy_init         RF data          01 01 0000f000 00001000[0m
[0;32mI (72) boot:  2 factory          factory app      00 00 00010000 00100000[0m
[0;32mI (80) boot:  3 storage          Unknown data     01 82 00180000 00100000[0m
[0;32mI (87) boot: End of partition table[0m
[0;32mI (92) esp_image: segment 0: paddr=0x00010020 vaddr=0x3f400020 size=0x0b098 ( 45208) map[0m
[0;32mI (116) esp_image: segment 1: paddr=0x0001b0c0 vaddr=0x3ffb0000 size=0x01eac (  7852) load[0m
[0;32mI (120) esp_image: segment 2: paddr=0x0001cf74 vaddr=0x40080000 size=0x00400 (  1024) load[0m
[0;33m0x40080000: _WindowOverflow4 at /home/corey/esp/esp-idf/components/freertos/xtensa_vectors.S:1779
[0m
[0;32mI (124) esp_image: segment 3: paddr=0x0001d37c vaddr=0x40080400 size=0x02c94 ( 11412) load[0m
[0;32mI (137) esp_image: segment 4: paddr=0x00020018 vaddr=0x400d0018 size=0x1c254 (115284) map[0m
[0;33m0x400d0018: _stext at ??:?
[0m
[0;32mI (181) esp_image: segment 5: paddr=0x0003c274 vaddr=0x40083094 size=0x06258 ( 25176) load[0m
[0;33m0x40083094: spi_flash_write at /home/corey/esp/esp-idf/components/spi_flash/flash_ops.c:344
[0m
[0;32mI (198) boot: Loaded app from partition at offset 0x10000[0m
[0;32mI (198) boot: Disabling RNG early entropy source...[0m
[0;32mI (198) cpu_start: Pro cpu up.[0m
[0;32mI (202) cpu_start: Application information:[0m
[0;32mI (207) cpu_start: Project name:     https_server[0m
[0;32mI (212) cpu_start: App version:      1[0m
[0;32mI (216) cpu_start: Compile time:     Mar 14 2019 21:22:00[0m
[0;32mI (223) cpu_start: ELF file SHA256:  302dc0f0642d9e13...[0m
[0;32mI (229) cpu_start: ESP-IDF:          v3.3-beta2-20-gff020c3a1[0m
[0;32mI (235) cpu_start: Starting app cpu, entry point is 0x400810cc[0m
[0;33m0x400810cc: call_start_cpu1 at /home/corey/esp/esp-idf/components/esp32/cpu_start.c:267
[0m
[0;32mI (0) cpu_start: App cpu up.[0m
[0;32mI (245) heap_init: Initializing. RAM available for dynamic allocation:[0m
[0;32mI (252) heap_init: At 3FFAE6E0 len 00001920 (6 KiB): DRAM[0m
[0;32mI (258) heap_init: At 3FFB2F78 len 0002D088 (180 KiB): DRAM[0m
[0;32mI (265) heap_init: At 3FFE0440 len 00003AE0 (14 KiB): D/IRAM[0m
[0;32mI (271) heap_init: At 3FFE4350 len 0001BCB0 (111 KiB): D/IRAM[0m
[0;32mI (277) heap_init: At 400892EC len 00016D14 (91 KiB): IRAM[0m
[0;32mI (284) cpu_start: Pro cpu start user code[0m
[0;32mI (302) cpu_start: Starting scheduler on PRO CPU.[0m
[0;32mI (0) cpu_start: Starting scheduler on APP CPU.[0m
[0;32mI (365) APP: Initializing SPIFFS[0m
[0;32mI (465) APP: Partition size: total: 956561, used: 15060[0m
Guru Meditation Error: Core  0 panic'ed (StoreProhibited). Exception was unhandled.
Core 0 register dump:
PC      : 0x400d2c70  PS      : 0x00060730  A0      : 0x800d2798  A1      : 0x3ffb4d20  
[0;33m0x400d2c70: te_init_template at /home/corey/esp/https_server/main/template_engine.c:35
[0m
A2      : 0x00000025  A3      : 0x3ffb2c10  A4      : 0x3ffae9e4  A5      : 0x00000000  
A6      : 0x00000210  A7      : 0x00000000  A8      : 0x00000000  A9      : 0x00000025  
A10     : 0x00000025  A11     : 0x00000210  A12     : 0x400827ec  A13     : 0x3ffb8a90  
[0;33m0x400827ec: _realloc_r at /home/corey/esp/esp-idf/components/newlib/syscalls.c:46
[0m
A14     : 0x00000000  A15     : 0x00000000  SAR     : 0x00000018  EXCCAUSE: 0x0000001d  
EXCVADDR: 0x00000000  LBEG    : 0x4000c349  LEND    : 0x4000c36b  LCOUNT  : 0x00000000  

ELF file SHA256: 302dc0f0642d9e1310aab263b4f6585c187c6cc6d2ed5267886ee83c6357fb1a

Backtrace: 0x400d2c70:0x3ffb4d20 0x400d2795:0x3ffb4d40 0x400d0e9a:0x3ffb4d70 0x40086b21:0x3ffb4d90
[0;33m0x400d2c70: te_init_template at /home/corey/esp/https_server/main/template_engine.c:35
[0m
[0;33m0x400d2795: app_main at /home/corey/esp/https_server/main/main.c:361
[0m
[0;33m0x400d0e9a: main_task at /home/corey/esp/esp-idf/components/esp32/cpu_start.c:530
[0m
[0;33m0x40086b21: vPortTaskWrapper at /home/corey/esp/esp-idf/components/freertos/port.c:403
[0m

Rebooting...
ets Jun  8 2016 00:22:57

rst:0xc (SW_CPU_RESET),boot:0x13 (SPI_FAST_FLASH_BOOT)
configsip: 0, SPIWP:0xee
clk_drv:0x00,q_drv:0x00,d_drv:0x00,cs0_drv:0x00,hd_drv:0x00,wp_drv:0x00
mode:DIO, clock div:2
load:0x3fff0018,len:4
load:0x3fff001c,len:6324
load:0x40078000,len:11308
load:0x40080400,len:6680
entry 0x40080760
[0;32mI (29) boot: ESP-IDF v3.3-beta2-20-gff020c3a1 2nd stage bootloader[0m
[0;32mI (29) boot: compile time 20:26:51[0m
[0;32mI (29) boot: Enabling RNG early entropy source...[0m
[0;32mI (35) boot: SPI Speed      : 40MHz[0m
[0;32mI (39) boot: SPI Mode       : DIO[0m
[0;32mI (43) boot: SPI Flash Size : 4MB[0m
[0;32mI (47) boot: Partition Table:[0m
[0;32mI (51) boot: ## Label            Usage          Type ST Offset   Length[0m
[0;32mI (58) boot:  0 nvs              WiFi data        01 02 00009000 00006000[0m
[0;32mI (66) boot:  1 phy_init         RF data          01 01 0000f000 00001000[0m
[0;32mI (73) boot:  2 factory          factory app      00 00 00010000 00100000[0m
[0;32mI (81) boot:  3 storage          Unknown data     01 82 00180000 00100000[0m
[0;32mI (88) boot: End of partition table[0m
[0;32mI (92) esp_image: segment 0: paddr=0x00010020 vaddr=0x3f400020 size=0x0b098 ( 45208) map[0m
[0;32mI (117) esp_image: segment 1: paddr=0x0001b0c0 vaddr=0x3ffb0000 size=0x01eac (  7852) load[0m
[0;32mI (120) esp_image: segment 2: paddr=0x0001cf74 vaddr=0x40080000 size=0x00400 (  1024) load[0m
[0;33m0x40080000: _WindowOverflow4 at /home/corey/esp/esp-idf/components/freertos/xtensa_vectors.S:1779
[0m
[0;32mI (124) esp_image: segment 3: paddr=0x0001d37c vaddr=0x40080400 size=0x02c94 ( 11412) load[0m
[0;32mI (138) esp_image: segment 4: paddr=0x00020018 vaddr=0x400d0018 size=0x1c254 (115284) map[0m
[0;33m0x400d0018: _stext at ??:?
[0m
[0;32mI (182) esp_image: segment 5: paddr=0x0003c274 vaddr=0x40083094 size=0x06258 ( 25176) load[0m
[0;33m0x40083094: spi_flash_write at /home/corey/esp/esp-idf/components/spi_flash/flash_ops.c:344
[0m
[0;32mI (198) boot: Loaded app from partition at offset 0x10000[0m
[0;32mI (198) boot: Disabling RNG early entropy source...[0m
[0;32mI (199) cpu_start: Pro cpu up.[0m
[0;32mI (202) cpu_start: Application information:[0m
[0;32mI (207) cpu_start: Project name:     https_server[0m
[0;32mI (213) cpu_start: App version:      1[0m
[0;32mI (217) cpu_start: Compile time:     Mar 14 2019 21:22:00[0m
[0;32mI (223) cpu_start: ELF file SHA256:  302dc0f0642d9e13...[0m
[0;32mI (229) cpu_start: ESP-IDF:          v3.3-beta2-20-gff020c3a1[0m
[0;32mI (236) cpu_start: Starting app cpu, entry point is 0x400810cc[0m
[0;33m0x400810cc: call_start_cpu1 at /home/corey/esp/esp-idf/components/esp32/cpu_start.c:267
[0m
[0;32mI (228) cpu_start: App cpu up.[0m
[0;32mI (246) heap_init: Initializing. RAM available for dynamic allocation:[0m
[0;32mI (253) heap_init: At 3FFAE6E0 len 00001920 (6 KiB): DRAM[0m
[0;32mI (259) heap_init: At 3FFB2F78 len 0002D088 (180 KiB): DRAM[0m
[0;32mI (265) heap_init: At 3FFE0440 len 00003AE0 (14 KiB): D/IRAM[0m
[0;32mI (272) heap_init: At 3FFE4350 len 0001BCB0 (111 KiB): D/IRAM[0m
[0;32mI (278) heap_init: At 400892EC len 00016D14 (91 KiB): IRAM[0m
[0;32mI (284) cpu_start: Pro cpu start user code[0m
[0;32mI (303) cpu_start: Starting scheduler on PRO CPU.[0m
[0;32mI (0) cpu_start: Starting scheduler on APP CPU.[0m
[0;32mI (366) APP: Initializing SPIFFS[0m
[0;32mI (466) APP: Partition size: total: 956561, used: 15060[0m
Guru Meditation Error: Core  0 panic'ed (StoreProhibited). Exception was unhandled.
Core 0 register dump:
PC      : 0x400d2c70  PS      : 0x00060730  A0      : 0x800d2798  A1      : 0x3ffb4d20  
[0;33m0x400d2c70: te_init_template at /home/corey/esp/https_server/main/template_engine.c:35
[0m
A2      : 0x00000025  A3      : 0x3ffb2c10  A4      : 0x3ffae9e4  A5      : 0x00000000  
A6      : 0x00000210  A7      : 0x00000000  A8      : 0x00000000  A9      : 0x00000025  
A10     : 0x00000025  A11     : 0x00000210  A12     : 0x400827ec  A13     : 0x3ffb8a90  
[0;33m0x400827ec: _realloc_r at /home/corey/esp/esp-idf/components/newlib/syscalls.c:46
[0m
A14     : 0x00000000  A15     : 0x00000000  SAR     : 0x00000018  EXCCAUSE: 0x0000001d  
EXCVADDR: 0x00000000  LBEG    : 0x4000c349  LEND    : 0x4000c36b  LCOUNT  : 0x00000000  

ELF file SHA256: 302dc0f0642d9e1310aab263b4f6585c187c6cc6d2ed5267886ee83c6357fb1a

Backtrace: 0x400d2c70:0x3ffb4d20 0x400d2795:0x3ffb4d40 0x400d0e9a:0x3ffb4d70 0x40086b21:0x3ffb4d90
[0;33m0x400d2c70: te_init_template at /home/corey/esp/https_server/main/template_engine.c:35
[0m
[0;33m0x400d2795: app_main at /home/corey/esp/https_server/main/main.c:361
[0m
[0;33m0x400d0e9a: main_task at /home/corey/esp/esp-idf/components/esp32/cpu_start.c:530
[0m
[0;33m0x40086b21: vPortTaskWrapper at /home/corey/esp/esp-idf/components/freertos/port.c:403
[0m

Rebooting...
ets Jun  8 2016 00:22:57

rst:0xc (SW_CPU_RESET),boot:0x13 (SPI_FAST_FLASH_BOOT)
configsip: 0, SPIWP:0xee
clk_drv:0x00,q_drv:0x00,d_drv:0x00,cs0_drv:0x00,hd_drv:0x00,wp_drv:0x00
mode:DIO, clock div:2
load:0x3fff0018,len:4
load:0x3fff001c,len:6324
load:0x40078000,len:11308
load:0x40080400,len:6680
entry 0x40080760
[0;32mI (29) boot: ESP-IDF v3.3-beta2-20-gff020c3a1 2nd stage bootloader[0m
[0;32mI (29) boot: compile time 20:26:51[0m
[0;32mI (29) boot: Enabling RNG early entropy source...[0m
[0;32mI (35) boot: SPI Speed      : 40MHz[0m
[0;32mI (39) boot: SPI Mode       : DIO[0m
[0;32mI (43) boot: SPI Flash Size : 4MB[0m
[0;32mI (47) boot: Partition Table:[0m
[0;32mI (51) boot: ## Label            Usage          Type ST Offset   Length[0m
[0;32mI (58) boot:  0 nvs              WiFi data        01 02 00009000 00006000[0m
[0;32mI (66) boot:  1 phy_init         RF data          01 01 0000f000 00001000[0m
[0;32mI (73) boot:  2 factory          factory app      00 00 00010000 00100000[0m
[0;32mI (81) boot:  3 storage          Unknown data     01 82 00180000 00100000[0m
[0;32mI (88) boot: End of partition table[0m
[0;32mI (92) esp_image: segment 0: paddr=0x00010020 vaddr=0x3f400020 size=0x0b098 ( 45208) map[0m
[0;32mI (117) esp_image: segment 1: paddr=0x0001b0c0 vaddr=0x3ffb0000 size=0x01eac (  7852) load[0m
[0;32mI (120) esp_image: segment 2: paddr=0x0001cf74 vaddr=0x40080000 size=0x00400 (  1024) load[0m
[0;33m0x40080000: _WindowOverflow4 at /home/corey/esp/esp-idf/components/freertos/xtensa_vectors.S:1779
[0m
[0;32mI (124) esp_image: segment 3: paddr=0x0001d37c vaddr=0x40080400 size=0x02c94 ( 11412) load[0m
[0;32mI (138) esp_image: segment 4: paddr=0x00020018 vaddr=0x400d0018 size=0x1c254 (115284) map[0m
[0;33m0x400d0018: _stext at ??:?
[0m
[0;32mI (182) esp_image: segment 5: paddr=0x0003c274 vaddr=0x40083094 size=0x06258 ( 25176) load[0m
[0;33m0x40083094: spi_flash_write at /home/corey/esp/esp-idf/components/spi_flash/flash_ops.c:344
[0m
[0;32mI (198) boot: Loaded app from partition at offset 0x10000[0m
[0;32mI (198) boot: Disabling RNG early entropy source...[0m
[0;32mI (199) cpu_start: Pro cpu up.[0m
[0;32mI (202) cpu_start: Application information:[0m
[0;32mI (207) cpu_start: Project name:     https_server[0m
[0;32mI (213) cpu_start: App version:      1[0m
[0;32mI (217) cpu_start: Compile time:     Mar 14 2019 21:22:00[0m
[0;32mI (223) cpu_start: ELF file SHA256:  302dc0f0642d9e13...[0m
[0;32mI (229) cpu_start: ESP-IDF:          v3.3-beta2-20-gff020c3a1[0m
[0;32mI (236) cpu_start: Starting app cpu, entry point is 0x400810cc[0m
[0;33m0x400810cc: call_start_cpu1 at /home/corey/esp/esp-idf/components/esp32/cpu_start.c:267
[0m
[0;32mI (228) cpu_start: App cpu up.[0m
[0;32mI (246) heap_init: Initializing. RAM available for dynamic allocation:[0m
[0;32mI (253) heap_init: At 3FFAE6E0 len 00001920 (6 KiB): DRAM[0m
[0;32mI (259) heap_init: At 3FFB2F78 len 0002D088 (180 KiB): DRAM[0m
[0;32mI (265) heap_init: At 3FFE0440 len 00003AE0 (14 KiB): D/IRAM[0m
[0;32mI (272) heap_init: At 3FFE4350 len 0001BCB0 (111 KiB): D/IRAM[0m
[0;32mI (278) heap_init: At 400892EC len 00016D14 (91 KiB): IRAM[0m
[0;32mI (284) cpu_start: Pro cpu start user code[0m
[0;32mI (303) cpu_start: Starting scheduler on PRO CPU.[0m
[0;32mI (0) cpu_start: Starting scheduler on APP CPU.[0m
[0;32mI (366) APP: Initializing SPIFFS[0m
[0;32mI (466) APP: Partition size: total: 956561, used: 15060[0m
Guru Meditation Error: Core  0 panic'ed (StoreProhibited). Exception was unhandled.
Core 0 register dump:
PC      : 0x400d2c70  PS      : 0x00060730  A0      : 0x800d2798  A1      : 0x3ffb4d20  
[0;33m0x400d2c70: te_init_template at /home/corey/esp/https_server/main/template_engine.c:35
[0m
A2      : 0x00000025  A3      : 0x3ffb2c10  A4      : 0x3ffae9e4  A5      : 0x00000000  
A6      : 0x00000210  A7      : 0x00000000  A8      : 0x00000000  A9      : 0x00000025  
A10     : 0x00000025  A11     : 0x00000210  A12     : 0x400827ec  A13     : 0x3ffb8a90  
[0;33m0x400827ec: _realloc_r at /home/corey/esp/esp-idf/components/newlib/syscalls.c:46
[0m
A14     : 0x00000000  A15     : 0x00000000  SAR     : 0x00000018  EXCCAUSE: 0x0000001d  
EXCVADDR: 0x00000000  LBEG    : 0x4000c349  LEND    : 0x4000c36b  LCOUNT  : 0x00000000  

ELF file SHA256: 302dc0f0642d9e1310aab263b4f6585c187c6cc6d2ed5267886ee83c6357fb1a

Backtrace: 0x400d2c70:0x3ffb4d20 0x400d2795:0x3ffb4d40 0x400d0e9a:0x3ffb4d70 0x40086b21:0x3ffb4d90
[0;33m0x400d2c70: te_init_template at /home/corey/esp/https_server/main/template_engine.c:35
[0m
[0;33m0x400d2795: app_main at /home/corey/esp/https_server/main/main.c:361
[0m
[0;33m0x400d0e9a: main_task at /home/corey/esp/esp-idf/components/esp32/cpu_start.c:530
[0m
[0;33m0x40086b21: vPortTaskWrapper at /home/corey/esp/esp-idf/components/freertos/port.c:403
[0m

Rebooting...
ets Jun  8 2016 00:22:57

rst:0xc (SW_CPU_RESET),boot:0x13 (SPI_FAST_FLASH_BOOT)
configsip: 0, SPIWP:0xee
clk_drv:0x00,q_drv:0x00,d_drv:0x00,cs0_drv:0x00,hd_drv:0x00,wp_drv:0x00
mode:DIO, clock div:2
load:0x3fff0018,len:4
load:0x3fff001c,len:6324
load:0x40078000,len:11308
load:0x40080400,len:6680
entry 0x40080760
[0;32mI (29) boot: ESP-IDF v3.3-beta2-20-gff020c3a1 2nd stage bootloader[0m
[0;32mI (29) boot: compile time 20:26:51[0m
[0;32mI (29) boot: Enabling RNG early entropy source...[0m
[0;32mI (35) boot: SPI Speed      : 40MHz[0m
[0;32mI (39) boot: SPI Mode       : DIO[0m
[0;32mI (43) boot: SPI Flash Size : 4MB[0m
[0;32mI (47) boot: Partition Table:[0m
[0;32mI (51) boot: ## Label            Usage          Type ST Offset   Length[0m
[0;32mI (58) boot:  0 nvs              WiFi data        01 02 00009000 00006000[0m
[0;32mI (66) boot:  1 phy_init         RF data          01 01 0000f000 00001000[0m
[0;32mI (73) boot:  2 factory          factory app      00 00 00010000 00100000[0m
[0;32mI (81) boot:  3 storage          Unknown data     01 82 00180000 00100000[0m
[0;32mI (88) boot: End of partition table[0m
[0;32mI (92) esp_image: segment 0: paddr=0x00010020 vaddr=0x3f400020 size=0x0b098 ( 45208) map[0m
[0;32mI (117) esp_image: segment 1: paddr=0x0001b0c0 vaddr=0x3ffb0000 size=0x01eac (  7852) load[0m
[0;32mI (120) esp_image: segment 2: paddr=0x0001cf74 vaddr=0x40080000 size=0x00400 (  1024) load[0m
[0;33m0x40080000: _WindowOverflow4 at /home/corey/esp/esp-idf/components/freertos/xtensa_vectors.S:1779
[0m
[0;32mI (124) esp_image: segment 3: paddr=0x0001d37c vaddr=0x40080400 size=0x02c94 ( 11412) load[0m
[0;32mI (138) esp_image: segment 4: paddr=0x00020018 vaddr=0x400d0018 size=0x1c254 (115284) map[0m
[0;33m0x400d0018: _stext at ??:?
[0m
[0;32mI (182) esp_image: segment 5: paddr=0x0003c274 vaddr=0x40083094 size=0x06258 ( 25176) load[0m
[0;33m0x40083094: spi_flash_write at /home/corey/esp/esp-idf/components/spi_flash/flash_ops.c:344
[0m
[0;32mI (198) boot: Loaded app from partition at offset 0x10000[0m
[0;32mI (198) boot: Disabling RNG early entropy source...[0m
[0;32mI (199) cpu_start: Pro cpu up.[0m
[0;32mI (202) cpu_start: Application information:[0m
[0;32mI (207) cpu_start: Project name:     https_server[0m
[0;32mI (213) cpu_start: App version:      1[0m
[0;32mI (217) cpu_start: Compile time:     Mar 14 2019 21:22:00[0m
[0;32mI (223) cpu_start: ELF file SHA256:  302dc0f0642d9e13...[0m
[0;32mI (229) cpu_start: ESP-IDF:          v3.3-beta2-20-gff020c3a1[0m
[0;32mI (236) cpu_start: Starting app cpu, entry point is 0x400810cc[0m
[0;33m0x400810cc: call_start_cpu1 at /home/corey/esp/esp-idf/components/esp32/cpu_start.c:267
[0m
[0;32mI (228) cpu_start: App cpu up.[0m
[0;32mI (246) heap_init: Initializing. RAM available for dynamic allocation:[0m
[0;32mI (253) heap_init: At 3FFAE6E0 len 00001920 (6 KiB): DRAM[0m
[0;32mI (259) heap_init: At 3FFB2F78 len 0002D088 (180 KiB): DRAM[0m
[0;32mI (265) heap_init: At 3FFE0440 len 00003AE0 (14 KiB): D/IRAM[0m
[0;32mI (272) heap_init: At 3FFE4350 len 0001BCB0 (111 KiB): D/IRAM[0m
[0;32mI (278) heap_init: At 400892EC len 00016D14 (91 KiB): IRAM[0m
[0;32mI (284) cpu_start: Pro cpu start user code[0m
[0;32mI (303) cpu_start: Starting scheduler on PRO CPU.[0m
[0;32mI (0) cpu_start: Starting scheduler on APP CPU.[0m
[0;32mI (366) APP: Initializing SPIFFS[0m
[0;32mI (466) APP: Partition size: total: 956561, used: 15060[0m
Guru Meditation Error: Core  0 panic'ed (StoreProhibited). Exception was unhandled.
Core 0 register dump:
PC      : 0x400d2c70  PS      : 0x00060730  A0      : 0x800d2798  A1      : 0x3ffb4d20  
[0;33m0x400d2c70: te_init_template at /home/corey/esp/https_server/main/template_engine.c:35
[0m
A2      : 0x00000025  A3      : 0x3ffb2c10  A4      : 0x3ffae9e4  A5      : 0x00000000  
A6      : 0x00000210  A7      : 0x00000000  A8      : 0x00000000  A9      : 0x00000025  
A10     : 0x00000025  A11     : 0x00000210  A12     : 0x400827ec  A13     : 0x3ffb8a90  
[0;33m0x400827ec: _realloc_r at /home/corey/esp/esp-idf/components/newlib/syscalls.c:46
[0m
A14     : 0x00000000  A15     : 0x00000000  SAR     : 0x00000018  EXCCAUSE: 0x0000001d  
EXCVADDR: 0x00000000  LBEG    : 0x4000c349  LEND    : 0x4000c36b  LCOUNT  : 0x00000000  

ELF file SHA256: 302dc0f0642d9e1310aab263b4f6585c187c6cc6d2ed5267886ee83c6357fb1a

Backtrace: 0x400d2c70:0x3ffb4d20 0x400d2795:0x3ffb4d40 0x400d0e9a:0x3ffb4d70 0x40086b21:0x3ffb4d90
[0;33m0x400d2c70: te_init_template at /home/corey/esp/https_server/main/template_engine.c:35
[0m
[0;33m0x400d2795: app_main at /home/corey/esp/https_server/main/main.c:361
[0m
[0;33m0x400d0e9a: main_task at /home/corey/esp/esp-idf/components/esp32/cpu_start.c:530
[0m
[0;33m0x40086b21: vPortTaskWrapper at /home/corey/esp/esp-idf/components/freertos/port.c:403
[0m

Rebooting...
ets Jun  8 2016 00:22:57

rst:0xc (SW_CPU_RESET),boot:0x13 (SPI_FAST_FLASH_BOOT)
configsip: 0, SPIWP:0xee
clk_drv:0x00,q_drv:0x00,d_drv:0x00,cs0_drv:0x00,hd_drv:0x00,wp_drv:0x00
mode:DIO, clock div:2
load:0x3fff0018,len:4
load:0x3fff001c,len:6324
load:0x40078000,len:11308
load:0x40080400,len:6680
entry 0x40080760
[0;32mI (29) boot: ESP-IDF v3.3-beta2-20-gff020c3a1 2nd stage bootloader[0m
[0;32mI (29) boot: compile time 20:26:51[0m
[0;32mI (29) boot: Enabling RNG early entropy source...[0m
[0;32mI (35) boot: SPI Speed      : 40MHz[0m
[0;32mI (39) boot: SPI Mode       : DIO[0m
[0;32mI (43) boot: SPI Flash Size : 4MB[0m
[0;32mI (47) boot: Partition Table:[0m
[0;32mI (51) boot: ## Label            Usage          Type ST Offset   Length[0m
[0;32mI (58) boot:  0 nvs              WiFi data        01 02 00009000 00006000[0m
[0;32mI (66) boot:  1 phy_init         RF data          01 01 0000f000 00001000[0m
[0;32mI (73) boot:  2 factory          factory app      00 00 00010000 00100000[0m
[0;32mI (81) boot:  3 storage          Unknown data     01 82 00180000 00100000[0m
[0;32mI (88) boot: End of partition table[0m
[0;32mI (92) esp_image: segment 0: paddr=0x00010020 vaddr=0x3f400020 size=0x0b098 ( 45208) map[0m
[0;32mI (117) esp_image: segment 1: paddr=0x0001b0c0 vaddr=0x3ffb0000 size=0x01eac (  7852) load[0m
[0;32mI (120) esp_image: segment 2: paddr=0x0001cf74 vaddr=0x40080000 size=0x00400 (  1024) load[0m
[0;33m0x40080000: _WindowOverflow4 at /home/corey/esp/esp-idf/components/freertos/xtensa_vectors.S:1779
[0m
[0;32mI (124) esp_image: segment 3: paddr=0x0001d37c vaddr=0x40080400 size=0x02c94 ( 11412) load[0m
[0;32mI (138) esp_image: segment 4: paddr=0x00020018 vaddr=0x400d0018 size=0x1c254 (115284) map[0m
[0;33m0x400d0018: _stext at ??:?
[0m
[0;32mI (182) esp_image: segment 5: paddr=0x0003c274 vaddr=0x40083094 size=0x06258 ( 25176) load[0m
[0;33m0x40083094: spi_flash_write at /home/corey/esp/esp-idf/components/spi_flash/flash_ops.c:344
[0m
[0;32mI (198) boot: Loaded app from partition at offset 0x10000[0m
[0;32mI (198) boot: Disabling RNG early entropy source...[0m
[0;32mI (199) cpu_start: Pro cpu up.[0m
[0;32mI (202) cpu_start: Application information:[0m
[0;32mI (207) cpu_start: Project name:     https_server[0m
[0;32mI (213) cpu_start: App version:      1[0m
[0;32mI (217) cpu_start: Compile time:     Mar 14 2019 21:22:00[0m
[0;32mI (223) cpu_start: ELF file SHA256:  302dc0f0642d9e13...[0m
[0;32mI (229) cpu_start: ESP-IDF:          v3.3-beta2-20-gff020c3a1[0m
[0;32mI (236) cpu_start: Starting app cpu, entry point is 0x400810cc[0m
[0;33m0x400810cc: call_start_cpu1 at /home/corey/esp/esp-idf/components/esp32/cpu_start.c:267
[0m
[0;32mI (228) cpu_start: App cpu up.[0m
[0;32mI (246) heap_init: Initializing. RAM available for dynamic allocation:[0m
[0;32mI (253) heap_init: At 3FFAE6E0 len 00001920 (6 KiB): DRAM[0m
[0;32mI (259) heap_init: At 3FFB2F78 len 0002D088 (180 KiB): DRAM[0m
[0;32mI (265) heap_init: At 3FFE0440 len 00003AE0 (14 KiB): D/IRAM[0m
[0;32mI (272) heap_init: At 3FFE4350 len 0001BCB0 (111 KiB): D/IRAM[0m
[0;32mI (278) heap_init: At 400892EC len 00016D14 (91 KiB): IRAM[0m
[0;32mI (284) cpu_start: Pro cpu start user code[0m
[0;32mI (303) cpu_start: Starting scheduler on PRO CPU.[0m
[0;32mI (0) cpu_start: Starting scheduler on APP CPU.[0m
[0;32mI (366) APP: Initializing SPIFFS[0m
[0;32mI (466) APP: Partition size: total: 956561, used: 15060[0m
Guru Meditation Error: Core  0 panic'ed (StoreProhibited). Exception was unhandled.
Core 0 register dump:
PC      : 0x400d2c70  PS      : 0x00060730  A0      : 0x800d2798  A1      : 0x3ffb4d20  
[0;33m0x400d2c70: te_init_template at /home/corey/esp/https_server/main/template_engine.c:35
[0m
A2      : 0x00000025  A3      : 0x3ffb2c10  A4      : 0x3ffae9e4  A5      : 0x00000000  
A6      : 0x00000210  A7      : 0x00000000  A8      : 0x00000000  A9      : 0x00000025  
A10     : 0x00000025  A11     : 0x00000210  A12     : 0x400827ec  A13     : 0x3ffb8a90  
[0;33m0x400827ec: _realloc_r at /home/corey/esp/esp-idf/components/newlib/syscalls.c:46
[0m
A14     : 0x00000000  A15     : 0x00000000  SAR     : 0x00000018  EXCCAUSE: 0x0000001d  
EXCVADDR: 0x00000000  LBEG    : 0x4000c349  LEND    : 0x4000c36b  LCOUNT  : 0x00000000  

ELF file SHA256: 302dc0f0642d9e1310aab263b4f6585c187c6cc6d2ed5267886ee83c6357fb1a

Backtrace: 0x400d2c70:0x3ffb4d20 0x400d2795:0x3ffb4d40 0x400d0e9a:0x3ffb4d70 0x40086b21:0x3ffb4d90
[0;33m0x400d2c70: te_init_template at /home/corey/esp/https_server/main/template_engine.c:35
[0m
[0;33m0x400d2795: app_main at /home/corey/esp/https_server/main/main.c:361
[0m
[0;33m0x400d0e9a: main_task at /home/corey/esp/esp-idf/components/esp32/cpu_start.c:530
[0m
[0;33m0x40086b21: vPortTaskWrapper at /home/corey/esp/esp-idf/components/freertos/port.c:403
[0m

Rebooting...
ets Jun  8 2016 00:22:57

rst:0xc (SW_CPU_RESET),boot:0x13 (SPI_FAST_FLASH_BOOT)
configsip: 0, SPIWP:0xee
clk_drv:0x00,q_drv:0x00,d_drv:0x00,cs0_drv:0x00,hd_drv:0x00,wp_drv:0x00
mode:DIO, clock div:2
load:0x3fff0018,len:4
load:0x3fff001c,len:6324
load:0x40078000,len:11308
load:0x40080400,len:6680
entry 0x40080760
[0;32mI (29) boot: ESP-IDF v3.3-beta2-20-gff020c3a1 2nd stage bootloader[0m
[0;32mI (29) boot: compile time 20:26:51[0m
[0;32mI (29) boot: Enabling RNG early entropy source...[0m
[0;32mI (35) boot: SPI Speed      : 40MHz[0m
[0;32mI (39) boot: SPI Mode       : DIO[0m
[0;32mI (43) boot: SPI Flash Size : 4MB[0m
[0;32mI (47) boot: Partition Table:[0m
[0;32mI (51) boot: ## Label            Usage          Type ST Offset   Length[0m
[0;32mI (58) boot:  0 nvs              WiFi data        01 02 00009000 00006000[0m
[0;32mI (66) boot:  1 phy_init         RF data          01 01 0000f000 00001000[0m
[0;32mI (73) boot:  2 factory          factory app      00 00 00010000 00100000[0m
[0;32mI (81) boot:  3 storage          Unknown data     01 82 00180000 00100000[0m
[0;32mI (88) boot: End of partition table[0m
[0;32mI (92) esp_image: segment 0: paddr=0x00010020 vaddr=0x3f400020 size=0x0b098 ( 45208) map[0m
[0;32mI (117) esp_image: segment 1: paddr=0x0001b0c0 vaddr=0x3ffb0000 size=0x01eac (  7852) load[0m
[0;32mI (120) esp_image: segment 2: paddr=0x0001cf74 vaddr=0x40080000 size=0x00400 (  1024) load[0m
[0;33m0x40080000: _WindowOverflow4 at /home/corey/esp/esp-idf/components/freertos/xtensa_vectors.S:1779
[0m
[0;32mI (124) esp_image: segment 3: paddr=0x0001d37c vaddr=0x40080400 size=0x02c94 ( 11412) load[0m
[0;32mI (138) esp_image: segment 4: paddr=0x00020018 vaddr=0x400d0018 size=0x1c254 (115284) map[0m
[0;33m0x400d0018: _stext at ??:?
[0m
[0;32mI (182) esp_image: segment 5: paddr=0x0003c274 vaddr=0x40083094 size=0x06258 ( 25176) load[0m
[0;33m0x40083094: spi_flash_write at /home/corey/esp/esp-idf/components/spi_flash/flash_ops.c:344
[0m
[0;32mI (198) boot: Loaded app from partition at offset 0x10000[0m
[0;32mI (198) boot: Disabling RNG early entropy source...[0m
[0;32mI (199) cpu_start: Pro cpu up.[0m
[0;32mI (202) cpu_start: Application information:[0m
[0;32mI (207) cpu_start: Project name:     https_server[0m
[0;32mI (213) cpu_start: App version:      1[0m
[0;32mI (217) cpu_start: Compile time:     Mar 14 2019 21:22:00[0m
[0;32mI (223) cpu_start: ELF file SHA256:  302dc0f0642d9e13...[0m
[0;32mI (229) cpu_start: ESP-IDF:          v3.3-beta2-20-gff020c3a1[0m
[0;32mI (236) cpu_start: Starting app cpu, entry point is 0x400810cc[0m
[0;33m0x400810cc: call_start_cpu1 at /home/corey/esp/esp-idf/components/esp32/cpu_start.c:267
[0m
[0;32mI (228) cpu_start: App cpu up.[0m
[0;32mI (246) heap_init: Initializing. RAM available for dynamic allocation:[0m
[0;32mI (253) heap_init: At 3FFAE6E0 len 00001920 (6 KiB): DRAM[0m
[0;32mI (259) heap_init: At 3FFB2F78 len 0002D088 (180 KiB): DRAM[0m
[0;32mI (265) heap_init: At 3FFE0440 len 00003AE0 (14 KiB): D/IRAM[0m
[0;32mI (272) heap_init: At 3FFE4350 len 0001BCB0 (111 KiB): D/IRAM[0m
[0;32mI (278) heap_init: At 400892EC len 00016D14 (91 KiB): IRAM[0m
[0;32mI (284) cpu_start: Pro cpu start user code[0m
[0;32mI (303) cpu_start: Starting scheduler on PRO CPU.[0m
[0;32mI (0) cpu_start: Starting scheduler on APP CPU.[0m
[0;32mI (366) APP: Initializing SPIFFS[0m
[0;32mI (466) APP: Partition size: total: 956561, used: 15060[0m
Guru Meditation Error: Core  0 panic'ed (StoreProhibited). Exception was unhandled.
Core 0 register dump:
PC      : 0x400d2c70  PS      : 0x00060730  A0      : 0x800d2798  A1      : 0x3ffb4d20  
[0;33m0x400d2c70: te_init_template at /home/corey/esp/https_server/main/template_engine.c:35
[0m
A2      : 0x00000025  A3      : 0x3ffb2c10  A4      : 0x3ffae9e4  A5      : 0x00000000  
A6      : 0x00000210  A7      : 0x00000000  A8      : 0x00000000  A9      : 0x00000025  
A10     : 0x00000025  A11     : 0x00000210  A12     : 0x400827ec  A13     : 0x3ffb8a90  
[0;33m0x400827ec: _realloc_r at /home/corey/esp/esp-idf/components/newlib/syscalls.c:46
[0m
A14     : 0x00000000  A15     : 0x00000000  SAR     : 0x00000018  EXCCAUSE: 0x0000001d  
EXCVADDR: 0x00000000  LBEG    : 0x4000c349  LEND    : 0x4000c36b  LCOUNT  : 0x00000000  

ELF file SHA256: 302dc0f0642d9e1310aab263b4f6585c187c6cc6d2ed5267886ee83c6357fb1a

Backtrace: 0x400d2c70:0x3ffb4d20 0x400d2795:0x3ffb4d40 0x400d0e9a:0x3ffb4d70 0x40086b21:0x3ffb4d90
[0;33m0x400d2c70: te_init_template at /home/corey/esp/https_server/main/template_engine.c:35
[0m
[0;33m0x400d2795: app_main at /home/corey/esp/https_server/main/main.c:361
[0m
[0;33m0x400d0e9a: main_task at /home/corey/esp/esp-idf/components/esp32/cpu_start.c:530
[0m
[0;33m0x40086b21: vPortTaskWrapper at /home/corey/esp/esp-idf/components/freertos/port.c:403
[0m

Rebooting...
ets Jun  8 2016 00:22:57

rst:0xc (SW_CPU_RESET),boot:0x13 (SPI_FAST_FLASH_BOOT)
configsip: 0, SPIWP:0xee
clk_drv:0x00,q_drv:0x00,d_drv:0x00,cs0_drv:0x00,hd_drv:0x00,wp_drv:0x00
mode:DIO, clock div:2
load:0x3fff0018,len:4
load:0x3fff001c,len:6324
load:0x40078000,len:11308
load:0x40080400,len:6680
entry 0x40080760
[0;32mI (29) boot: ESP-IDF v3.3-beta2-20-gff020c3a1 2nd stage bootloader[0m
[0;32mI (29) boot: compile time 20:26:51[0m
[0;32mI (29) boot: Enabling RNG early entropy source...[0m
[0;32mI (35) boot: SPI Speed      : 40MHz[0m
[0;32mI (39) boot: SPI Mode       : DIO[0m
[0;32mI (43) boot: SPI Flash Size : 4MB[0m
[0;32mI (47) boot: Partition Table:[0m
[0;32mI (51) boot: ## Label            Usage          Type ST Offset   Length[0m
[0;32mI (58) boot:  0 nvs              WiFi data        01 02 00009000 00006000[0m
[0;32mI (66) boot:  1 phy_init         RF data          01 01 0000f000 00001000[0m
[0;32mI (73) boot:  2 factory          factory app      00 00 00010000 00100000[0m
[0;32mI (81) boot:  3 storage          Unknown data     01 82 00180000 00100000[0m
[0;32mI (88) boot: End of partition table[0m
[0;32mI (92) esp_image: segment 0: paddr=0x00010020 vaddr=0x3f400020 size=0x0b098 ( 45208) map[0m
[0;32mI (117) esp_image: segment 1: paddr=0x0001b0c0 vaddr=0x3ffb0000 size=0x01eac (  7852) load[0m
[0;32mI (120) esp_image: segment 2: paddr=0x0001cf74 vaddr=0x40080000 size=0x00400 (  1024) load[0m
[0;33m0x40080000: _WindowOverflow4 at /home/corey/esp/esp-idf/components/freertos/xtensa_vectors.S:1779
[0m
[0;32mI (124) esp_image: segment 3: paddr=0x0001d37c vaddr=0x40080400 size=0x02c94 ( 11412) load[0m
[0;32mI (138) esp_image: segment 4: paddr=0x00020018 vaddr=0x400d0018 size=0x1c254 (115284) map[0m
[0;33m0x400d0018: _stext at ??:?
[0m
[0;32mI (182) esp_image: segment 5: paddr=0x0003c274 vaddr=0x40083094 size=0x06258 ( 25176) load[0m
[0;33m0x40083094: spi_flash_write at /home/corey/esp/esp-idf/components/spi_flash/flash_ops.c:344
[0m
[0;32mI (198) boot: Loaded app from partition at offset 0x10000[0m
[0;32mI (198) boot: Disabling RNG early entropy source...[0m
[0;32mI (199) cpu_start: Pro cpu up.[0m
[0;32mI (202) cpu_start: Application information:[0m
[0;32mI (207) cpu_start: Project name:     https_server[0m
[0;32mI (213) cpu_start: App version:      1[0m
[0;32mI (217) cpu_start: Compile time:     Mar 14 2019 21:22:00[0m
[0;32mI (223) cpu_start: ELF file SHA256:  302dc0f0642d9e13...[0m
[0;32mI (229) cpu_start: ESP-IDF:          v3.3-beta2-20-gff020c3a1[0m
[0;32mI (236) cpu_start: Starting app cpu, entry point is 0x400810cc[0m
[0;33m0x400810cc: call_start_cpu1 at /home/corey/esp/esp-idf/components/esp32/cpu_start.c:267
[0m
[0;32mI (228) cpu_start: App cpu up.[0m
[0;32mI (246) heap_init: Initializing. RAM available for dynamic allocation:[0m
[0;32mI (253) heap_init: At 3FFAE6E0 len 00001920 (6 KiB): DRAM[0m
[0;32mI (259) heap_init: At 3FFB2F78 len 0002D088 (180 KiB): DRAM[0m
[0;32mI (265) heap_init: At 3FFE0440 len 00003AE0 (14 KiB): D/IRAM[0m
[0;32mI (272) heap_init: At 3FFE4350 len 0001BCB0 (111 KiB): D/IRAM[0m
[0;32mI (278) heap_init: At 400892EC len 00016D14 (91 KiB): IRAM[0m
[0;32mI (284) cpu_start: Pro cpu start user code[0m
[0;32mI (303) cpu_start: Starting scheduler on PRO CPU.[0m
[0;32mI (0) cpu_start: Starting scheduler on APP CPU.[0m
[0;32mI (366) APP: Initializing SPIFFS[0m
[0;32mI (466) APP: Partition size: total: 956561, used: 15060[0m
Guru Meditation Error: Core  0 panic'ed (StoreProhibited). Exception was unhandled.
Core 0 register dump:
PC      : 0x400d2c70  PS      : 0x00060730  A0      : 0x800d2798  A1      : 0x3ffb4d20  
[0;33m0x400d2c70: te_init_template at /home/corey/esp/https_server/main/template_engine.c:35
[0m
A2      : 0x00000025  A3      : 0x3ffb2c10  A4      : 0x3ffae9e4  A5      : 0x00000000  
A6      : 0x00000210  A7      : 0x00000000  A8      : 0x00000000  A9      : 0x00000025  
A10     : 0x00000025  A11     : 0x00000210  A12     : 0x400827ec  A13     : 0x3ffb8a90  
[0;33m0x400827ec: _realloc_r at /home/corey/esp/esp-idf/components/newlib/syscalls.c:46
[0m
A14     : 0x00000000  A15     : 0x00000000  SAR     : 0x00000018  EXCCAUSE: 0x0000001d  
EXCVADDR: 0x00000000  LBEG    : 0x4000c349  LEND    : 0x4000c36b  LCOUNT  : 0x00000000  

ELF file SHA256: 302dc0f0642d9e1310aab263b4f6585c187c6cc6d2ed5267886ee83c6357fb1a

Backtrace: 0x400d2c70:0x3ffb4d20 0x400d2795:0x3ffb4d40 0x400d0e9a:0x3ffb4d70 0x40086b21:0x3ffb4d90
[0;33m0x400d2c70: te_init_template at /home/corey/esp/https_server/main/template_engine.c:35
[0m
[0;33m0x400d2795: app_main at /home/corey/esp/https_server/main/main.c:361
[0m
[0;33m0x400d0e9a: main_task at /home/corey/esp/esp-idf/components/esp32/cpu_start.c:530
[0m
[0;33m0x40086b21: vPortTaskWrapper at /home/corey/esp/esp-idf/components/freertos/port.c:403
[0m

Rebooting...
ets Jun  8 2016 00:22:57

rst:0xc (SW_CPU_RESET),boot:0x13 (SPI_FAST_FLASH_BOOT)
configsip: 0, SPIWP:0xee
clk_drv:0x00,q_drv:0x00,d_drv:0x00,cs0_drv:0x00,hd_drv:0x00,wp_drv:0x00
mode:DIO, clock div:2
load:0x3fff0018,len:4
load:0x3fff001c,len:6324
load:0x40078000,len:11308
load:0x40080400,len:6680
entry 0x40080760
[0;32mI (29) boot: ESP-IDF v3.3-beta2-20-gff020c3a1 2nd stage bootloader[0m
[0;32mI (29) boot: compile time 20:26:51[0m
[0;32mI (29) boot: Enabling RNG early entropy source...[0m
[0;32mI (35) boot: SPI Speed      : 40MHz[0m
[0;32mI (39) boot: SPI Mode       : DIO[0m
[0;32mI (43) boot: SPI Flash Size : 4MB[0m
[0;32mI (47) boot: Partition Table:[0m
[0;32mI (51) boot: ## Label            Usage          Type ST Offset   Length[0m
[0;32mI (58) boot:  0 nvs              WiFi data        01 02 00009000 00006000[0m
[0;32mI (66) boot:  1 phy_init         RF data          01 01 0000f000 00001000[0m
[0;32mI (73) boot:  2 factory          factory app      00 00 00010000 00100000[0m
[0;32mI (81) boot:  3 storage          Unknown data     01 82 00180000 00100000[0m
[0;32mI (88) boot: End of partition table[0m
[0;32mI (92) esp_image: segment 0: paddr=0x00010020 vaddr=0x3f400020 size=0x0b098 ( 45208) map[0m
[0;32mI (117) esp_image: segment 1: paddr=0x0001b0c0 vaddr=0x3ffb0000 size=0x01eac (  7852) load[0m
[0;32mI (120) esp_image: segment 2: paddr=0x0001cf74 vaddr=0x40080000 size=0x00400 (  1024) load[0m
[0;33m0x40080000: _WindowOverflow4 at /home/corey/esp/esp-idf/components/freertos/xtensa_vectors.S:1779
[0m
[0;32mI (124) esp_image: segment 3: paddr=0x0001d37c vaddr=0x40080400 size=0x02c94 ( 11412) load[0m
[0;32mI (138) esp_image: segment 4: paddr=0x00020018 vaddr=0x400d0018 size=0x1c254 (115284) map[0m
[0;33m0x400d0018: _stext at ??:?
[0m
[0;32mI (182) esp_image: segment 5: paddr=0x0003c274 vaddr=0x40083094 size=0x06258 ( 25176) load[0m
[0;33m0x40083094: spi_flash_write at /home/corey/esp/esp-idf/components/spi_flash/flash_ops.c:344
[0m
[0;32mI (198) boot: Loaded app from partition at offset 0x10000[0m
[0;32mI (198) boot: Disabling RNG early entropy source...[0m
[0;32mI (199) cpu_start: Pro cpu up.[0m
[0;32mI (202) cpu_start: Application information:[0m
[0;32mI (207) cpu_start: Project name:     https_server[0m
[0;32mI (213) cpu_start: App version:      1[0m
[0;32mI (217) cpu_start: Compile time:     Mar 14 2019 21:22:00[0m
[0;32mI (223) cpu_start: ELF file SHA256:  302dc0f0642d9e13...[0m
[0;32mI (229) cpu_start: ESP-IDF:          v3.3-beta2-20-gff020c3a1[0m
[0;32mI (236) cpu_start: Starting app cpu, entry point is 0x400810cc[0m
[0;33m0x400810cc: call_start_cpu1 at /home/corey/esp/esp-idf/components/esp32/cpu_start.c:267
[0m
[0;32mI (228) cpu_start: App cpu up.[0m
[0;32mI (246) heap_init: Initializing. RAM available for dynamic allocation:[0m
[0;32mI (253) heap_init: At 3FFAE6E0 len 00001920 (6 KiB): DRAM[0m
[0;32mI (259) heap_init: At 3FFB2F78 len 0002D088 (180 KiB): DRAM[0m
[0;32mI (265) heap_init: At 3FFE0440 len 00003AE0 (14 KiB): D/IRAM[0m
[0;32mI (272) heap_init: At 3FFE4350 len 0001BCB0 (111 KiB): D/IRAM[0m
[0;32mI (278) heap_init: At 400892EC len 00016D14 (91 KiB): IRAM[0m
[0;32mI (284) cpu_start: Pro cpu start user code[0m
[0;32mI (303) cpu_start: Starting scheduler on PRO CPU.[0m
[0;32mI (0) cpu_start: Starting scheduler on APP CPU.[0m
[0;32mI (366) APP: Initializing SPIFFS[0m
[0;32mI (466) APP: Partition size: total: 956561, used: 15060[0m
Guru Meditation Error: Core  0 panic'ed (StoreProhibited). Exception was unhandled.
Core 0 register dump:
PC      : 0x400d2c70  PS      : 0x00060730  A0      : 0x800d2798  A1      : 0x3ffb4d20  
[0;33m0x400d2c70: te_init_template at /home/corey/esp/https_server/main/template_engine.c:35
[0m
A2      : 0x00000025  A3      : 0x3ffb2c10  A4      : 0x3ffae9e4  A5      : 0x00000000  
A6      : 0x00000210  A7      : 0x00000000  A8      : 0x00000000  A9      : 0x00000025  
A10     : 0x00000025  A11     : 0x00000210  A12     : 0x400827ec  A13     : 0x3ffb8a90  
[0;33m0x400827ec: _realloc_r at /home/corey/esp/esp-idf/components/newlib/syscalls.c:46
[0m
A14     : 0x00000000  A15     : 0x00000000  SAR     : 0x00000018  EXCCAUSE: 0x0000001d  
EXCVADDR: 0x00000000  LBEG    : 0x4000c349  LEND    : 0x4000c36b  LCOUNT  : 0x00000000  

ELF file SHA256: 302dc0f0642d9e1310aab263b4f6585c187c6cc6d2ed5267886ee83c6357fb1a

Backtrace: 0x400d2c70:0x3ffb4d20 0x400d2795:0x3ffb4d40 0x400d0e9a:0x3ffb4d70 0x40086b21:0x3ffb4d90
[0;33m0x400d2c70: te_init_template at /home/corey/esp/https_server/main/template_engine.c:35
[0m
[0;33m0x400d2795: app_main at /home/corey/esp/https_server/main/main.c:361
[0m
[0;33m0x400d0e9a: main_task at /home/corey/esp/esp-idf/components/esp32/cpu_start.c:530
[0m
[0;33m0x40086b21: vPortTaskWrapper at /home/corey/esp/esp-idf/components/freertos/port.c:403
[0m

Rebooting...
ets Jun  8 2016 00:22:57

rst:0xc (SW_CPU_RESET),boot:0x13 (SPI_FAST_FLASH_BOOT)
configsip: 0, SPIWP:0xee
clk_drv:0x00,q_drv:0x00,d_drv:0x00,cs0_drv:0x00,hd_drv:0x00,wp_drv:0x00
mode:DIO, clock div:2
load:0x3fff0018,len:4
load:0x3fff001c,len:6324
load:0x40078000,len:11308
load:0x40080400,len:6680
entry 0x40080760
[0;32mI (29) boot: ESP-IDF v3.3-beta2-20-gff020c3a1 2nd stage bootloader[0m
[0;32mI (29) boot: compile time 20:26:51[0m
[0;32mI (29) boot: Enabling RNG early entropy source...[0m
[0;32mI (35) boot: SPI Speed      : 40MHz[0m
[0;32mI (39) boot: SPI Mode       : DIO[0m
[0;32mI (43) boot: SPI Flash Size : 4MB[0m
[0;32mI (47) boot: Partition Table:[0m
[0;32mI (51) boot: ## Label            Usage          Type ST Offset   Length[0m
[0;32mI (58) boot:  0 nvs              WiFi data        01 02 00009000 00006000[0m
[0;32mI (66) boot:  1 phy_init         RF data          01 01 0000f000 00001000[0m
[0;32mI (73) boot:  2 factory          factory app      00 00 00010000 00100000[0m
[0;32mI (81) boot:  3 storage          Unknown data     01 82 00180000 00100000[0m
[0;32mI (88) boot: End of partition table[0m
[0;32mI (92) esp_image: segment 0: paddr=0x00010020 vaddr=0x3f400020 size=0x0b098 ( 45208) map[0m
[0;32mI (117) esp_image: segment 1: paddr=0x0001b0c0 vaddr=0x3ffb0000 size=0x01eac (  7852) load[0m
[0;32mI (120) esp_image: segment 2: paddr=0x0001cf74 vaddr=0x40080000 size=0x00400 (  1024) load[0m
[0;33m0x40080000: _WindowOverflow4 at /home/corey/esp/esp-idf/components/freertos/xtensa_vectors.S:1779
[0m
[0;32mI (124) esp_image: segment 3: paddr=0x0001d37c vaddr=0x40080400 size=0x02c94 ( 11412) load[0m
[0;32mI (138) esp_image: segment 4: paddr=0x00020018 vaddr=0x400d0018 size=0x1c254 (115284) map[0m
[0;33m0x400d0018: _stext at ??:?
[0m
[0;32mI (182) esp_image: segment 5: paddr=0x0003c274 vaddr=0x40083094 size=0x06258 ( 25176) load[0m
[0;33m0x40083094: spi_flash_write at /home/corey/esp/esp-idf/components/spi_flash/flash_ops.c:344
[0m
[0;32mI (198) boot: Loaded app from partition at offset 0x10000[0m
[0;32mI (198) boot: Disabling RNG early entropy source...[0m
[0;32mI (199) cpu_start: Pro cpu up.[0m
[0;32mI (202) cpu_start: Application information:[0m
[0;32mI (207) cpu_start: Project name:     https_server[0m
[0;32mI (213) cpu_start: App version:      1[0m
[0;32mI (217) cpu_start: Compile time:     Mar 14 2019 21:22:00[0m
[0;32mI (223) cpu_start: ELF file SHA256:  302dc0f0642d9e13...[0m
[0;32mI (229) cpu_start: ESP-IDF:          v3.3-beta2-20-gff020c3a1[0m
[0;32mI (236) cpu_start: Starting app cpu, entry point is 0x400810cc[0m
[0;33m0x400810cc: call_start_cpu1 at /home/corey/esp/esp-idf/components/esp32/cpu_start.c:267
[0m
[0;32mI (228) cpu_start: App cpu up.[0m
[0;32mI (246) heap_init: Initializing. RAM available for dynamic allocation:[0m
[0;32mI (253) heap_init: At 3FFAE6E0 len 00001920 (6 KiB): DRAM[0m
[0;32mI (259) heap_init: At 3FFB2F78 len 0002D088 (180 KiB): DRAM[0m
[0;32mI (265) heap_init: At 3FFE0440 len 00003AE0 (14 KiB): D/IRAM[0m
[0;32mI (272) heap_init: At 3FFE4350 len 0001BCB0 (111 KiB): D/IRAM[0m
[0;32mI (278) heap_init: At 400892EC len 00016D14 (91 KiB): IRAM[0m
[0;32mI (284) cpu_start: Pro cpu start user code[0m
[0;32mI (303) cpu_start: Starting scheduler on PRO CPU.[0m
[0;32mI (0) cpu_start: Starting scheduler on APP CPU.[0m
[0;32mI (366) APP: Initializing SPIFFS[0m
[0;32mI (466) APP: Partition size: total: 956561, used: 15060[0m
Guru Meditation Error: Core  0 panic'ed (StoreProhibited). Exception was unhandled.
Core 0 register dump:
PC      : 0x400d2c70  PS      : 0x00060730  A0      : 0x800d2798  A1      : 0x3ffb4d20  
[0;33m0x400d2c70: te_init_template at /home/corey/esp/https_server/main/template_engine.c:35
[0m
A2      : 0x00000025  A3      : 0x3ffb2c10  A4      : 0x3ffae9e4  A5      : 0x00000000  
A6      : 0x00000210  A7      : 0x00000000  A8      : 0x00000000  A9      : 0x00000025  
A10     : 0x00000025  A11     : 0x00000210  A12     : 0x400827ec  A13     : 0x3ffb8a90  
[0;33m0x400827ec: _realloc_r at /home/corey/esp/esp-idf/components/newlib/syscalls.c:46
[0m
A14     : 0x00000000  A15     : 0x00000000  SAR     : 0x00000018  EXCCAUSE: 0x0000001d  
EXCVADDR: 0x00000000  LBEG    : 0x4000c349  LEND    : 0x4000c36b  LCOUNT  : 0x00000000  

ELF file SHA256: 302dc0f0642d9e1310aab263b4f6585c187c6cc6d2ed5267886ee83c6357fb1a

Backtrace: 0x400d2c70:0x3ffb4d20 0x400d2795:0x3ffb4d40 0x400d0e9a:0x3ffb4d70 0x40086b21:0x3ffb4d90
[0;33m0x400d2c70: te_init_template at /home/corey/esp/https_server/main/template_engine.c:35
[0m
[0;33m0x400d2795: app_main at /home/corey/esp/https_server/main/main.c:361
[0m
[0;33m0x400d0e9a: main_task at /home/corey/esp/esp-idf/components/esp32/cpu_start.c:530
[0m
[0;33m0x40086b21: vPortTaskWrapper at /home/corey/esp/esp-idf/components/freertos/port.c:403
[0m

Rebooting...
ets Jun  8 2016 00:22:57

rst:0xc (SW_CPU_RESET),boot:0x13 (SPI_FAST_FLASH_BOOT)
configsip: 0, SPIWP:0xee
clk_drv:0x00,q_drv:0x00,d_drv:0x00,cs0_drv:0x00,hd_drv:0x00,wp_drv:0x00
mode:DIO, clock div:2
load:0x3fff0018,len:4
load:0x3fff001c,len:6324
load:0x40078000,len:11308
load:0x40080400,len:6680
entry 0x40080760
[0;32mI (29) boot: ESP-IDF v3.3-beta2-20-gff020c3a1 2nd stage bootloader[0m
[0;32mI (29) boot: compile time 20:26:51[0m
[0;32mI (29) boot: Enabling RNG early entropy source...[0m
[0;32mI (35) boot: SPI Speed      : 40MHz[0m
[0;32mI (39) boot: SPI Mode       : DIO[0m
[0;32mI (43) boot: SPI Flash Size : 4MB[0m
[0;32mI (47) boot: Partition Table:[0m
[0;32mI (51) boot: ## Label            Usage          Type ST Offset   Length[0m
[0;32mI (58) boot:  0 nvs              WiFi data        01 02 00009000 00006000[0m
[0;32mI (66) boot:  1 phy_init         RF data          01 01 0000f000 00001000[0m
[0;32mI (73) boot:  2 factory          factory app      00 00 00010000 00100000[0m
[0;32mI (81) boot:  3 storage          Unknown data     01 82 00180000 00100000[0m
[0;32mI (88) boot: End of partition table[0m
[0;32mI (92) esp_image: segment 0: paddr=0x00010020 vaddr=0x3f400020 size=0x0b098 ( 45208) map[0m
[0;32mI (117) esp_image: segment 1: paddr=0x0001b0c0 vaddr=0x3ffb0000 size=0x01eac (  7852) load[0m
[0;32mI (120) esp_image: segment 2: paddr=0x0001cf74 vaddr=0x40080000 size=0x00400 (  1024) load[0m
[0;33m0x40080000: _WindowOverflow4 at /home/corey/esp/esp-idf/components/freertos/xtensa_vectors.S:1779
[0m
[0;32mI (124) esp_image: segment 3: paddr=0x0001d37c vaddr=0x40080400 size=0x02c94 ( 11412) load[0m
[0;32mI (138) esp_image: segment 4: paddr=0x00020018 vaddr=0x400d0018 size=0x1c254 (115284) map[0m
[0;33m0x400d0018: _stext at ??:?
[0m
[0;32mI (182) esp_image: segment 5: paddr=0x0003c274 vaddr=0x40083094 size=0x06258 ( 25176) load[0m
[0;33m0x40083094: spi_flash_write at /home/corey/esp/esp-idf/components/spi_flash/flash_ops.c:344
[0m
[0;32mI (198) boot: Loaded app from partition at offset 0x10000[0m
[0;32mI (198) boot: Disabling RNG early entropy source...[0m
[0;32mI (199) cpu_start: Pro cpu up.[0m
[0;32mI (202) cpu_start: Application information:[0m
[0;32mI (207) cpu_start: Project name:     https_server[0m
[0;32mI (213) cpu_start: App version:      1[0m
[0;32mI (217) cpu_start: Compile time:     Mar 14 2019 21:22:00[0m
[0;32mI (223) cpu_start: ELF file SHA256:  302dc0f0642d9e13...[0m
[0;32mI (229) cpu_start: ESP-IDF:          v3.3-beta2-20-gff020c3a1[0m
[0;32mI (236) cpu_start: Starting app cpu, entry point is 0x400810cc[0m
[0;33m0x400810cc: call_start_cpu1 at /home/corey/esp/esp-idf/components/esp32/cpu_start.c:267
[0m
[0;32mI (228) cpu_start: App cpu up.[0m
[0;32mI (246) heap_init: Initializing. RAM available for dynamic allocation:[0m
[0;32mI (253) heap_init: At 3FFAE6E0 len 00001920 (6 KiB): DRAM[0m
[0;32mI (259) heap_init: At 3FFB2F78 len 0002D088 (180 KiB): DRAM[0m
[0;32mI (265) heap_init: At 3FFE0440 len 00003AE0 (14 KiB): D/IRAM[0m
[0;32mI (272) heap_init: At 3FFE4350 len 0001BCB0 (111 KiB): D/IRAM[0m
[0;32mI (278) heap_init: At 400892EC len 00016D14 (91 KiB): IRAM[0m
[0;32mI (284) cpu_start: Pro cpu start user code[0m
[0;32mI (303) cpu_start: Starting scheduler on PRO CPU.[0m
[0;32mI (0) cpu_start: Starting scheduler on APP CPU.[0m
[0;32mI (366) APP: Initializing SPIFFS[0m
[0;32mI (466) APP: Partition size: total: 956561, used: 15060[0m
Guru Meditation Error: Core  0 panic'ed (StoreProhibited). Exception was unhandled.
Core 0 register dump:
PC      : 0x400d2c70  PS      : 0x00060730  A0      : 0x800d2798  A1      : 0x3ffb4d20  
[0;33m0x400d2c70: te_init_template at /home/corey/esp/https_server/main/template_engine.c:35
[0m
A2      : 0x00000025  A3      : 0x3ffb2c10  A4      : 0x3ffae9e4  A5      : 0x00000000  
A6      : 0x00000210  A7      : 0x00000000  A8      : 0x00000000  A9      : 0x00000025  
A10     : 0x00000025  A11     : 0x00000210  A12     : 0x400827ec  A13     : 0x3ffb8a90  
[0;33m0x400827ec: _realloc_r at /home/corey/esp/esp-idf/components/newlib/syscalls.c:46
[0m
A14     : 0x00000000  A15     : 0x00000000  SAR     : 0x00000018  EXCCAUSE: 0x0000001d  
EXCVADDR: 0x00000000  LBEG    : 0x4000c349  LEND    : 0x4000c36b  LCOUNT  : 0x00000000  

ELF file SHA256: 302dc0f0642d9e1310aab263b4f6585c187c6cc6d2ed5267886ee83c6357fb1a

Backtrace: 0x400d2c70:0x3ffb4d20 0x400d2795:0x3ffb4d40 0x400d0e9a:0x3ffb4d70 0x40086b21:0x3ffb4d90
[0;33m0x400d2c70: te_init_template at /home/corey/esp/https_server/main/template_engine.c:35
[0m
[0;33m0x400d2795: app_main at /home/corey/esp/https_server/main/main.c:361
[0m
[0;33m0x400d0e9a: main_task at /home/corey/esp/esp-idf/components/esp32/cpu_start.c:530
[0m
[0;33m0x40086b21: vPortTaskWrapper at /home/corey/esp/esp-idf/components/freertos/port.c:403
[0m

Rebooting...
ets Jun  8 2016 00:22:57

rst:0xc (SW_CPU_RESET),boot:0x13 (SPI_FAST_FLASH_BOOT)
configsip: 0, SPIWP:0xee
clk_drv:0x00,q_drv:0x00,d_drv:0x00,cs0_drv:0x00,hd_drv:0x00,wp_drv:0x00
mode:DIO, clock div:2
load:0x3fff0018,len:4
load:0x3fff001c,len:6324
load:0x40078000,len:11308
load:0x40080400,len:6680
entry 0x40080760
[0;32mI (29) boot: ESP-IDF v3.3-beta2-20-gff020c3a1 2nd stage bootloader[0m
[0;32mI (29) boot: compile time 20:26:51[0m
[0;32mI (29) boot: Enabling RNG early entropy source...[0m
[0;32mI (35) boot: SPI Speed      : 40MHz[0m
[0;32mI (39) boot: SPI Mode       : DIO[0m
[0;32mI (43) boot: SPI Flash Size : 4MB[0m
[0;32mI (47) boot: Partition Table:[0m
[0;32mI (51) boot: ## Label            Usage          Type ST Offset   Length[0m
[0;32mI (58) boot:  0 nvs              WiFi data        01 02 00009000 00006000[0m
[0;32mI (66) boot:  1 phy_init         RF data          01 01 0000f000 00001000[0m
[0;32mI (73) boot:  2 factory          factory app      00 00 00010000 00100000[0m
[0;32mI (81) boot:  3 storage          Unknown data     01 82 00180000 00100000[0m
[0;32mI (88) boot: End of partition table[0m
[0;32mI (92) esp_image: segment 0: paddr=0x00010020 vaddr=0x3f400020 size=0x0b098 ( 45208) map[0m
[0;32mI (117) esp_image: segment 1: paddr=0x0001b0c0 vaddr=0x3ffb0000 size=0x01eac (  7852) load[0m
[0;32mI (120) esp_image: segment 2: paddr=0x0001cf74 vaddr=0x40080000 size=0x00400 (  1024) load[0m
[0;33m0x40080000: _WindowOverflow4 at /home/corey/esp/esp-idf/components/freertos/xtensa_vectors.S:1779
[0m
[0;32mI (124) esp_image: segment 3: paddr=0x0001d37c vaddr=0x40080400 size=0x02c94 ( 11412) load[0m
[0;32mI (138) esp_image: segment 4: paddr=0x00020018 vaddr=0x400d0018 size=0x1c254 (115284) map[0m
[0;33m0x400d0018: _stext at ??:?
[0m
[0;32mI (182) esp_image: segment 5: paddr=0x0003c274 vaddr=0x40083094 size=0x06258 ( 25176) load[0m
[0;33m0x40083094: spi_flash_write at /home/corey/esp/esp-idf/components/spi_flash/flash_ops.c:344
[0m
[0;32mI (198) boot: Loaded app from partition at offset 0x10000[0m
[0;32mI (198) boot: Disabling RNG early entropy source...[0m
[0;32mI (199) cpu_start: Pro cpu up.[0m
[0;32mI (202) cpu_start: Application information:[0m
[0;32mI (207) cpu_start: Project name:     https_server[0m
[0;32mI (213) cpu_start: App version:      1[0m
[0;32mI (217) cpu_start: Compile time:     Mar 14 2019 21:22:00[0m
[0;32mI (223) cpu_start: ELF file SHA256:  302dc0f0642d9e13...[0m
[0;32mI (229) cpu_start: ESP-IDF:          v3.3-beta2-20-gff020c3a1[0m
[0;32mI (236) cpu_start: Starting app cpu, entry point is 0x400810cc[0m
[0;33m0x400810cc: call_start_cpu1 at /home/corey/esp/esp-idf/components/esp32/cpu_start.c:267
[0m
[0;32mI (228) cpu_start: App cpu up.[0m
[0;32mI (246) heap_init: Initializing. RAM available for dynamic allocation:[0m
[0;32mI (253) heap_init: At 3FFAE6E0 len 00001920 (6 KiB): DRAM[0m
[0;32mI (259) heap_init: At 3FFB2F78 len 0002D088 (180 KiB): DRAM[0m
[0;32mI (265) heap_init: At 3FFE0440 len 00003AE0 (14 KiB): D/IRAM[0m
[0;32mI (272) heap_init: At 3FFE4350 len 0001BCB0 (111 KiB): D/IRAM[0m
[0;32mI (278) heap_init: At 400892EC len 00016D14 (91 KiB): IRAM[0m
[0;32mI (284) cpu_start: Pro cpu start user code[0m
[0;32mI (303) cpu_start: Starting scheduler on PRO CPU.[0m
[0;32mI (0) cpu_start: Starting scheduler on APP CPU.[0m
[0;32mI (366) APP: Initializing SPIFFS[0m
[0;32mI (466) APP: Partition size: total: 956561, used: 15060[0m
Guru Meditation Error: Core  0 panic'ed (StoreProhibited). Exception was unhandled.
Core 0 register dump:
PC      : 0x400d2c70  PS      : 0x00060730  A0      : 0x800d2798  A1      : 0x3ffb4d20  
[0;33m0x400d2c70: te_init_template at /home/corey/esp/https_server/main/template_engine.c:35
[0m
A2      : 0x00000025  A3      : 0x3ffb2c10  A4      : 0x3ffae9e4  A5      : 0x00000000  
A6      : 0x00000210  A7      : 0x00000000  A8      : 0x00000000  A9      : 0x00000025  
A10     : 0x00000025  A11     : 0x00000210  A12     : 0x400827ec  A13     : 0x3ffb8a90  
[0;33m0x400827ec: _realloc_r at /home/corey/esp/esp-idf/components/newlib/syscalls.c:46
[0m
A14     : 0x00000000  A15     : 0x00000000  SAR     : 0x00000018  EXCCAUSE: 0x0000001d  
EXCVADDR: 0x00000000  LBEG    : 0x4000c349  LEND    : 0x4000c36b  LCOUNT  : 0x00000000  

ELF file SHA256: 302dc0f0642d9e1310aab263b4f6585c187c6cc6d2ed5267886ee83c6357fb1a

Backtrace: 0x400d2c70:0x3ffb4d20 0x400d2795:0x3ffb4d40 0x400d0e9a:0x3ffb4d70 0x40086b21:0x3ffb4d90
[0;33m0x400d2c70: te_init_template at /home/corey/esp/https_server/main/template_engine.c:35
[0m
[0;33m0x400d2795: app_main at /home/corey/esp/https_server/main/main.c:361
[0m
[0;33m0x400d0e9a: main_task at /home/corey/esp/esp-idf/components/esp32/cpu_start.c:530
[0m
[0;33m0x40086b21: vPortTaskWrapper at /home/corey/esp/esp-idf/components/freertos/port.c:403
[0m

Rebooting...
ets Jun  8 2016 00:22:57

rst:0xc (SW_CPU_RESET),boot:0x13 (SPI_FAST_FLASH_BOOT)
configsip: 0, SPIWP:0xee
clk_drv:0x00,q_drv:0x00,d_drv:0x00,cs0_drv:0x00,hd_drv:0x00,wp_drv:0x00
mode:DIO, clock div:2
load:0x3fff0018,len:4
load:0x3fff001c,len:6324
load:0x40078000,len:11308
load:0x40080400,len:6680
entry 0x40080760
[0;32mI (29) boot: ESP-IDF v3.3-beta2-20-gff020c3a1 2nd stage bootloader[0m
[0;32mI (29) boot: compile time 20:26:51[0m
[0;32mI (29) boot: Enabling RNG early entropy source...[0m
[0;32mI (35) boot: SPI Speed      : 40MHz[0m
[0;32mI (39) boot: SPI Mode       : DIO[0m
[0;32mI (43) boot: SPI Flash Size : 4MB[0m
[0;32mI (47) boot: Partition Table:[0m
[0;32mI (51) boot: ## Label            Usage          Type ST Offset   Length[0m
[0;32mI (58) boot:  0 nvs              WiFi data        01 02 00009000 00006000[0m
[0;32mI (66) boot:  1 phy_init         RF data          01 01 0000f000 00001000[0m
[0;32mI (73) boot:  2 factory          factory app      00 00 00010000 00100000[0m
[0;32mI (81) boot:  3 storage          Unknown data     01 82 00180000 00100000[0m
[0;32mI (88) boot: End of partition table[0m
[0;32mI (92) esp_image: segment 0: paddr=0x00010020 vaddr=0x3f400020 size=0x0b098 ( 45208) map[0m
[0;32mI (117) esp_image: segment 1: paddr=0x0001b0c0 vaddr=0x3ffb0000 size=0x01eac (  7852) load[0m
[0;32mI (120) esp_image: segment 2: paddr=0x0001cf74 vaddr=0x40080000 size=0x00400 (  1024) load[0m
[0;33m0x40080000: _WindowOverflow4 at /home/corey/esp/esp-idf/components/freertos/xtensa_vectors.S:1779
[0m
[0;32mI (124) esp_image: segment 3: paddr=0x0001d37c vaddr=0x40080400 size=0x02c94 ( 11412) load[0m
[0;32mI (138) esp_image: segment 4: paddr=0x00020018 vaddr=0x400d0018 size=0x1c254 (115284) map[0m
[0;33m0x400d0018: _stext at ??:?
[0m
[0;32mI (182) esp_image: segment 5: paddr=0x0003c274 vaddr=0x40083094 size=0x06258 ( 25176) load[0m
[0;33m0x40083094: spi_flash_write at /home/corey/esp/esp-idf/components/spi_flash/flash_ops.c:344
[0m
[0;32mI (198) boot: Loaded app from partition at offset 0x10000[0m
[0;32mI (198) boot: Disabling RNG early entropy source...[0m
[0;32mI (199) cpu_start: Pro cpu up.[0m
[0;32mI (202) cpu_start: Application information:[0m
[0;32mI (207) cpu_start: Project name:     https_server[0m
[0;32mI (213) cpu_start: App version:      1[0m
[0;32mI (217) cpu_start: Compile time:     Mar 14 2019 21:22:00[0m
[0;32mI (223) cpu_start: ELF file SHA256:  302dc0f0642d9e13...[0m
[0;32mI (229) cpu_start: ESP-IDF:          v3.3-beta2-20-gff020c3a1[0m
[0;32mI (236) cpu_start: Starting app cpu, entry point is 0x400810cc[0m
[0;33m0x400810cc: call_start_cpu1 at /home/corey/esp/esp-idf/components/esp32/cpu_start.c:267
[0m
[0;32mI (228) cpu_start: App cpu up.[0m
[0;32mI (246) heap_init: Initializing. RAM available for dynamic allocation:[0m
[0;32mI (253) heap_init: At 3FFAE6E0 len 00001920 (6 KiB): DRAM[0m
[0;32mI (259) heap_init: At 3FFB2F78 len 0002D088 (180 KiB): DRAM[0m
[0;32mI (265) heap_init: At 3FFE0440 len 00003AE0 (14 KiB): D/IRAM[0m
[0;32mI (272) heap_init: At 3FFE4350 len 0001BCB0 (111 KiB): D/IRAM[0m
[0;32mI (278) heap_init: At 400892EC len 00016D14 (91 KiB): IRAM[0m
[0;32mI (284) cpu_start: Pro cpu start user code[0m
[0;32mI (303) cpu_start: Starting scheduler on PRO CPU.[0m
[0;32mI (0) cpu_start: Starting scheduler on APP CPU.[0m
[0;32mI (366) APP: Initializing SPIFFS[0m
[0;32mI (466) APP: Partition size: total: 956561, used: 15060[0m
Guru Meditation Error: Core  0 panic'ed (StoreProhibited). Exception was unhandled.
Core 0 register dump:
PC      : 0x400d2c70  PS      : 0x00060730  A0      : 0x800d2798  A1      : 0x3ffb4d20  
[0;33m0x400d2c70: te_init_template at /home/corey/esp/https_server/main/template_engine.c:35
[0m
A2      : 0x00000025  A3      : 0x3ffb2c10  A4      : 0x3ffae9e4  A5      : 0x00000000  
A6      : 0x00000210  A7      : 0x00000000  A8      : 0x00000000  A9      : 0x00000025  
A10     : 0x00000025  A11     : 0x00000210  A12     : 0x400827ec  A13     : 0x3ffb8a90  
[0;33m0x400827ec: _realloc_r at /home/corey/esp/esp-idf/components/newlib/syscalls.c:46
[0m
A14     : 0x00000000  A15     : 0x00000000  SAR     : 0x00000018  EXCCAUSE: 0x0000001d  
EXCVADDR: 0x00000000  LBEG    : 0x4000c349  LEND    : 0x4000c36b  LCOUNT  : 0x00000000  

ELF file SHA256: 302dc0f0642d9e1310aab263b4f6585c187c6cc6d2ed5267886ee83c6357fb1a

Backtrace: 0x400d2c70:0x3ffb4d20 0x400d2795:0x3ffb4d40 0x400d0e9a:0x3ffb4d70 0x40086b21:0x3ffb4d90
[0;33m0x400d2c70: te_init_template at /home/corey/esp/https_server/main/template_engine.c:35
[0m
[0;33m0x400d2795: app_main at /home/corey/esp/https_server/main/main.c:361
[0m
[0;33m0x400d0e9a: main_task at /home/corey/esp/esp-idf/components/esp32/cpu_start.c:530
[0m
[0;33m0x40086b21: vPortTaskWrapper at /home/corey/esp/esp-idf/components/freertos/port.c:403
[0m

Rebooting...
ets Jun  8 2016 00:22:57

rst:0xc (SW_CPU_RESET),boot:0x13 (SPI_FAST_FLASH_BOOT)
configsip: 0, SPIWP:0xee
clk_drv:0x00,q_drv:0x00,d_drv:0x00,cs0_drv:0x00,hd_drv:0x00,wp_drv:0x00
mode:DIO, clock div:2
load:0x3fff0018,len:4
load:0x3fff001c,len:6324
load:0x40078000,len:11308
load:0x40080400,len:6680
entry 0x40080760
[0;32mI (29) boot: ESP-IDF v3.3-beta2-20-gff020c3a1 2nd stage bootloader[0m
[0;32mI (29) boot: compile time 20:26:51[0m
[0;32mI (29) boot: Enabling RNG early entropy source...[0m
[0;32mI (35) boot: SPI Speed      : 40MHz[0m
[0;32mI (39) boot: SPI Mode       : DIO[0m
[0;32mI (43) boot: SPI Flash Size : 4MB[0m
[0;32mI (47) boot: Partition Table:[0m
[0;32mI (51) boot: ## Label            Usage          Type ST Offset   Length[0m
[0;32mI (58) boot:  0 nvs              WiFi data        01 02 00009000 00006000[0m
[0;32mI (66) boot:  1 phy_init         RF data          01 01 0000f000 00001000[0m
[0;32mI (73) boot:  2 factory          factory app      00 00 00010000 00100000[0m
[0;32mI (81) boot:  3 storage          Unknown data     01 82 00180000 00100000[0m
[0;32mI (88) boot: End of partition table[0m
[0;32mI (92) esp_image: segment 0: paddr=0x00010020 vaddr=0x3f400020 size=0x0b098 ( 45208) map[0m
[0;32mI (117) esp_image: segment 1: paddr=0x0001b0c0 vaddr=0x3ffb0000 size=0x01eac (  7852) load[0m
[0;32mI (120) esp_image: segment 2: paddr=0x0001cf74 vaddr=0x40080000 size=0x00400 (  1024) load[0m
[0;33m0x40080000: _WindowOverflow4 at /home/corey/esp/esp-idf/components/freertos/xtensa_vectors.S:1779
[0m
[0;32mI (124) esp_image: segment 3: paddr=0x0001d37c vaddr=0x40080400 size=0x02c94 ( 11412) load[0m
[0;32mI (138) esp_image: segment 4: paddr=0x00020018 vaddr=0x400d0018 size=0x1c254 (115284) map[0m
[0;33m0x400d0018: _stext at ??:?
[0m
[0;32mI (182) esp_image: segment 5: paddr=0x0003c274 vaddr=0x40083094 size=0x06258 ( 25176) load[0m
[0;33m0x40083094: spi_flash_write at /home/corey/esp/esp-idf/components/spi_flash/flash_ops.c:344
[0m
[0;32mI (198) boot: Loaded app from partition at offset 0x10000[0m
[0;32mI (198) boot: Disabling RNG early entropy source...[0m
[0;32mI (199) cpu_start: Pro cpu up.[0m
[0;32mI (202) cpu_start: Application information:[0m
[0;32mI (207) cpu_start: Project name:     https_server[0m
[0;32mI (213) cpu_start: App version:      1[0m
[0;32mI (217) cpu_start: Compile time:     Mar 14 2019 21:22:00[0m
[0;32mI (223) cpu_start: ELF file SHA256:  302dc0f0642d9e13...[0m
[0;32mI (229) cpu_start: ESP-IDF:          v3.3-beta2-20-gff020c3a1[0m
[0;32mI (236) cpu_start: Starting app cpu, entry point is 0x400810cc[0m
[0;33m0x400810cc: call_start_cpu1 at /home/corey/esp/esp-idf/components/esp32/cpu_start.c:267
[0m
[0;32mI (228) cpu_start: App cpu up.[0m
[0;32mI (246) heap_init: Initializing. RAM available for dynamic allocation:[0m
[0;32mI (253) heap_init: At 3FFAE6E0 len 00001920 (6 KiB): DRAM[0m
[0;32mI (259) heap_init: At 3FFB2F78 len 0002D088 (180 KiB): DRAM[0m
[0;32mI (265) heap_init: At 3FFE0440 len 00003AE0 (14 KiB): D/IRAM[0m
[0;32mI (272) heap_init: At 3FFE4350 len 0001BCB0 (111 KiB): D/IRAM[0m
[0;32mI (278) heap_init: At 400892EC len 00016D14 (91 KiB): IRAM[0m
[0;32mI (284) cpu_start: Pro cpu start user code[0m
[0;32mI (303) cpu_start: Starting scheduler on PRO CPU.[0m
[0;32mI (0) cpu_start: Starting scheduler on APP CPU.[0m
[0;32mI (366) APP: Initializing SPIFFS[0m
[0;32mI (466) APP: Partition size: total: 956561, used: 15060[0m
Guru Meditation Error: Core  0 panic'ed (StoreProhibited). Exception was unhandled.
Core 0 register dump:
PC      : 0x400d2c70  PS      : 0x00060730  A0      : 0x800d2798  A1      : 0x3ffb4d20  
[0;33m0x400d2c70: te_init_template at /home/corey/esp/https_server/main/template_engine.c:35
[0m
A2      : 0x00000025  A3      : 0x3ffb2c10  A4      : 0x3ffae9e4  A5      : 0x00000000  
A6      : 0x00000210  A7      : 0x00000000  A8      : 0x00000000  A9      : 0x00000025  
A10     : 0x00000025  A11     : 0x00000210  A12     : 0x400827ec  A13     : 0x3ffb8a90  
[0;33m0x400827ec: _realloc_r at /home/corey/esp/esp-idf/components/newlib/syscalls.c:46
[0m
A14     : 0x00000000  A15     : 0x00000000  SAR     : 0x00000018  EXCCAUSE: 0x0000001d  
EXCVADDR: 0x00000000  LBEG    : 0x4000c349  LEND    : 0x4000c36b  LCOUNT  : 0x00000000  

ELF file SHA256: 302dc0f0642d9e1310aab263b4f6585c187c6cc6d2ed5267886ee83c6357fb1a

Backtrace: 0x400d2c70:0x3ffb4d20 0x400d2795:0x3ffb4d40 0x400d0e9a:0x3ffb4d70 0x40086b21:0x3ffb4d90
[0;33m0x400d2c70: te_init_template at /home/corey/esp/https_server/main/template_engine.c:35
[0m
[0;33m0x400d2795: app_main at /home/corey/esp/https_server/main/main.c:361
[0m
[0;33m0x400d0e9a: main_task at /home/corey/esp/esp-idf/components/esp32/cpu_start.c:530
[0m
[0;33m0x40086b21: vPortTaskWrapper at /home/corey/esp/esp-idf/components/freertos/port.c:403
[0m

Rebooting...
ets Jun  8 2016 00:22:57

rst:0xc (SW_CPU_RESET),boot:0x13 (SPI_FAST_FLASH_BOOT)
configsip: 0, SPIWP:0xee
clk_drv:0x00,q_drv:0x00,d_drv:0x00,cs0_drv:0x00,hd_drv:0x00,wp_drv:0x00
mode:DIO, clock div:2
load:0x3fff0018,len:4
load:0x3fff001c,len:6324
load:0x40078000,len:11308
load:0x40080400,len:6680
entry 0x40080760
[0;32mI (29) boot: ESP-IDF v3.3-beta2-20-gff020c3a1 2nd stage bootloader[0m
[0;32mI (29) boot: compile time 20:26:51[0m
[0;32mI (29) boot: Enabling RNG early entropy source...[0m
[0;32mI (35) boot: SPI Speed      : 40MHz[0m
[0;32mI (39) boot: SPI Mode       : DIO[0m
[0;32mI (43) boot: SPI Flash Size : 4MB[0m
[0;32mI (47) boot: Partition Table:[0m
[0;32mI (51) boot: ## Label            Usage          Type ST Offset   Length[0m
[0;32mI (58) boot:  0 nvs              WiFi data        01 02 00009000 00006000[0m
[0;32mI (66) boot:  1 phy_init         RF data          01 01 0000f000 00001000[0m
[0;32mI (73) boot:  2 factory          factory app      00 00 00010000 00100000[0m
[0;32mI (81) boot:  3 storage          Unknown data     01 82 00180000 00100000[0m
[0;32mI (88) boot: End of partition table[0m
[0;32mI (92) esp_image: segment 0: paddr=0x00010020 vaddr=0x3f400020 size=0x0b098 ( 45208) map[0m
[0;32mI (117) esp_image: segment 1: paddr=0x0001b0c0 vaddr=0x3ffb0000 size=0x01eac (  7852) load[0m
[0;32mI (120) esp_image: segment 2: paddr=0x0001cf74 vaddr=0x40080000 size=0x00400 (  1024) load[0m
[0;33m0x40080000: _WindowOverflow4 at /home/corey/esp/esp-idf/components/freertos/xtensa_vectors.S:1779
[0m
[0;32mI (124) esp_image: segment 3: paddr=0x0001d37c vaddr=0x40080400 size=0x02c94 ( 11412) load[0m
[0;32mI (138) esp_image: segment 4: paddr=0x00020018 vaddr=0x400d0018 size=0x1c254 (115284) map[0m
[0;33m0x400d0018: _stext at ??:?
[0m
[0;32mI (182) esp_image: segment 5: paddr=0x0003c274 vaddr=0x40083094 size=0x06258 ( 25176) load[0m
[0;33m0x40083094: spi_flash_write at /home/corey/esp/esp-idf/components/spi_flash/flash_ops.c:344
[0m
[0;32mI (198) boot: Loaded app from partition at offset 0x10000[0m
[0;32mI (198) boot: Disabling RNG early entropy source...[0m
[0;32mI (199) cpu_start: Pro cpu up.[0m
[0;32mI (202) cpu_start: Application information:[0m
[0;32mI (207) cpu_start: Project name:     https_server[0m
[0;32mI (213) cpu_start: App version:      1[0m
[0;32mI (217) cpu_start: Compile time:     Mar 14 2019 21:22:00[0m
[0;32mI (223) cpu_start: ELF file SHA256:  302dc0f0642d9e13...[0m
[0;32mI (229) cpu_start: ESP-IDF:          v3.3-beta2-20-gff020c3a1[0m
[0;32mI (236) cpu_start: Starting app cpu, entry point is 0x400810cc[0m
[0;33m0x400810cc: call_start_cpu1 at /home/corey/esp/esp-idf/components/esp32/cpu_start.c:267
[0m
[0;32mI (228) cpu_start: App cpu up.[0m
[0;32mI (246) heap_init: Initializing. RAM available for dynamic allocation:[0m
[0;32mI (253) heap_init: At 3FFAE6E0 len 00001920 (6 KiB): DRAM[0m
[0;32mI (259) heap_init: At 3FFB2F78 len 0002D088 (180 KiB): DRAM[0m
[0;32mI (265) heap_init: At 3FFE0440 len 00003AE0 (14 KiB): D/IRAM[0m
[0;32mI (272) heap_init: At 3FFE4350 len 0001BCB0 (111 KiB): D/IRAM[0m
[0;32mI (278) heap_init: At 400892EC len 00016D14 (91 KiB): IRAM[0m
[0;32mI (284) cpu_start: Pro cpu start user code[0m
[0;32mI (303) cpu_start: Starting scheduler on PRO CPU.[0m
[0;32mI (0) cpu_start: Starting scheduler on APP CPU.[0m
[0;32mI (366) APP: Initializing SPIFFS[0m
[0;32mI (466) APP: Partition size: total: 956561, used: 15060[0m
Guru Meditation Error: Core  0 panic'ed (StoreProhibited). Exception was unhandled.
Core 0 register dump:
PC      : 0x400d2c70  PS      : 0x00060730  A0      : 0x800d2798  A1      : 0x3ffb4d20  
[0;33m0x400d2c70: te_init_template at /home/corey/esp/https_server/main/template_engine.c:35
[0m
A2      : 0x00000025  A3      : 0x3ffb2c10  A4      : 0x3ffae9e4  A5      : 0x00000000  
A6      : 0x00000210  A7      : 0x00000000  A8      : 0x00000000  A9      : 0x00000025  
A10     : 0x00000025  A11     : 0x00000210  A12     : 0x400827ec  A13     : 0x3ffb8a90  
[0;33m0x400827ec: _realloc_r at /home/corey/esp/esp-idf/components/newlib/syscalls.c:46
[0m
A14     : 0x00000000  A15     : 0x00000000  SAR     : 0x00000018  EXCCAUSE: 0x0000001d  
EXCVADDR: 0x00000000  LBEG    : 0x4000c349  LEND    : 0x4000c36b  LCOUNT  : 0x00000000  

ELF file SHA256: 302dc0f0642d9e1310aab263b4f6585c187c6cc6d2ed5267886ee83c6357fb1a

Backtrace: 0x400d2c70:0x3ffb4d20 0x400d2795:0x3ffb4d40 0x400d0e9a:0x3ffb4d70 0x40086b21:0x3ffb4d90
[0;33m0x400d2c70: te_init_template at /home/corey/esp/https_server/main/template_engine.c:35
[0m
[0;33m0x400d2795: app_main at /home/corey/esp/https_server/main/main.c:361
[0m
[0;33m0x400d0e9a: main_task at /home/corey/esp/esp-idf/components/esp32/cpu_start.c:530
[0m
[0;33m0x40086b21: vPortTaskWrapper at /home/corey/esp/esp-idf/components/freertos/port.c:403
[0m

Rebooting...
ets Jun  8 2016 00:22:57

rst:0xc (SW_CPU_RESET),boot:0x13 (SPI_FAST_FLASH_BOOT)
configsip: 0, SPIWP:0xee
clk_drv:0x00,q_drv:0x00,d_drv:0x00,cs0_drv:0x00,hd_drv:0x00,wp_drv:0x00
mode:DIO, clock div:2
load:0x3fff0018,len:4
load:0x3fff001c,len:6324
load:0x40078000,len:11308
load:0x40080400,len:6680
entry 0x40080760
[0;32mI (29) boot: ESP-IDF v3.3-beta2-20-gff020c3a1 2nd stage bootloader[0m
[0;32mI (29) boot: compile time 20:26:51[0m
[0;32mI (29) boot: Enabling RNG early entropy source...[0m
[0;32mI (35) boot: SPI Speed      : 40MHz[0m
[0;32mI (39) boot: SPI Mode       : DIO[0m
[0;32mI (43) boot: SPI Flash Size : 4MB[0m
[0;32mI (47) boot: Partition Table:[0m
[0;32mI (51) boot: ## Label            Usage          Type ST Offset   Length[0m
[0;32mI (58) boot:  0 nvs              WiFi data        01 02 00009000 00006000[0m
[0;32mI (66) boot:  1 phy_init         RF data          01 01 0000f000 00001000[0m
[0;32mI (73) boot:  2 factory          factory app      00 00 00010000 00100000[0m
[0;32mI (81) boot:  3 storage          Unknown data     01 82 00180000 00100000[0m
[0;32mI (88) boot: End of partition table[0m
[0;32mI (92) esp_image: segment 0: paddr=0x00010020 vaddr=0x3f400020 size=0x0b098 ( 45208) map[0m
[0;32mI (117) esp_image: segment 1: paddr=0x0001b0c0 vaddr=0x3ffb0000 size=0x01eac (  7852) load[0m
[0;32mI (120) esp_image: segment 2: paddr=0x0001cf74 vaddr=0x40080000 size=0x00400 (  1024) load[0m
[0;33m0x40080000: _WindowOverflow4 at /home/corey/esp/esp-idf/components/freertos/xtensa_vectors.S:1779
[0m
[0;32mI (124) esp_image: segment 3: paddr=0x0001d37c vaddr=0x40080400 size=0x02c94 ( 11412) load[0m
[0;32mI (138) esp_image: segment 4: paddr=0x00020018 vaddr=0x400d0018 size=0x1c254 (115284) map[0m
[0;33m0x400d0018: _stext at ??:?
[0m
[0;32mI (182) esp_image: segment 5: paddr=0x0003c274 vaddr=0x40083094 size=0x06258 ( 25176) load[0m
[0;33m0x40083094: spi_flash_write at /home/corey/esp/esp-idf/components/spi_flash/flash_ops.c:344
[0m
[0;32mI (198) boot: Loaded app from partition at offset 0x10000[0m
[0;32mI (198) boot: Disabling RNG early entropy source...[0m
[0;32mI (199) cpu_start: Pro cpu up.[0m
[0;32mI (202) cpu_start: Application information:[0m
[0;32mI (207) cpu_start: Project name:     https_server[0m
[0;32mI (213) cpu_start: App version:      1[0m
[0;32mI (217) cpu_start: Compile time:     Mar 14 2019 21:22:00[0m
[0;32mI (223) cpu_start: ELF file SHA256:  302dc0f0642d9e13...[0m
[0;32mI (229) cpu_start: ESP-IDF:          v3.3-beta2-20-gff020c3a1[0m
[0;32mI (236) cpu_start: Starting app cpu, entry point is 0x400810cc[0m
[0;33m0x400810cc: call_start_cpu1 at /home/corey/esp/esp-idf/components/esp32/cpu_start.c:267
[0m
[0;32mI (228) cpu_start: App cpu up.[0m
[0;32mI (246) heap_init: Initializing. RAM available for dynamic allocation:[0m
[0;32mI (253) heap_init: At 3FFAE6E0 len 00001920 (6 KiB): DRAM[0m
[0;32mI (259) heap_init: At 3FFB2F78 len 0002D088 (180 KiB): DRAM[0m
[0;32mI (265) heap_init: At 3FFE0440 len 00003AE0 (14 KiB): D/IRAM[0m
[0;32mI (272) heap_init: At 3FFE4350 len 0001BCB0 (111 KiB): D/IRAM[0m
[0;32mI (278) heap_init: At 400892EC len 00016D14 (91 KiB): IRAM[0m
[0;32mI (284) cpu_start: Pro cpu start user code[0m
[0;32mI (303) cpu_start: Starting scheduler on PRO CPU.[0m
[0;32mI (0) cpu_start: Starting scheduler on APP CPU.[0m
[0;32mI (366) APP: Initializing SPIFFS[0m
[0;32mI (466) APP: Partition size: total: 956561, used: 15060[0m
Guru Meditation Error: Core  0 panic'ed (StoreProhibited). Exception was unhandled.
Core 0 register dump:
PC      : 0x400d2c70  PS      : 0x00060730  A0      : 0x800d2798  A1      : 0x3ffb4d20  
[0;33m0x400d2c70: te_init_template at /home/corey/esp/https_server/main/template_engine.c:35
[0m
A2      : 0x00000025  A3      : 0x3ffb2c10  A4      : 0x3ffae9e4  A5      : 0x00000000  
A6      : 0x00000210  A7      : 0x00000000  A8      : 0x00000000  A9      : 0x00000025  
A10     : 0x00000025  A11     : 0x00000210  A12     : 0x400827ec  A13     : 0x3ffb8a90  
[0;33m0x400827ec: _realloc_r at /home/corey/esp/esp-idf/components/newlib/syscalls.c:46
[0m
A14     : 0x00000000  A15     : 0x00000000  SAR     : 0x00000018  EXCCAUSE: 0x0000001d  
EXCVADDR: 0x00000000  LBEG    : 0x4000c349  LEND    : 0x4000c36b  LCOUNT  : 0x00000000  

ELF file SHA256: 302dc0f0642d9e1310aab263b4f6585c187c6cc6d2ed5267886ee83c6357fb1a

Backtrace: 0x400d2c70:0x3ffb4d20 0x400d2795:0x3ffb4d40 0x400d0e9a:0x3ffb4d70 0x40086b21:0x3ffb4d90
[0;33m0x400d2c70: te_init_template at /home/corey/esp/https_server/main/template_engine.c:35
[0m
[0;33m0x400d2795: app_main at /home/corey/esp/https_server/main/main.c:361
[0m
[0;33m0x400d0e9a: main_task at /home/corey/esp/esp-idf/components/esp32/cpu_start.c:530
[0m
[0;33m0x40086b21: vPortTaskWrapper at /home/corey/esp/esp-idf/components/freertos/port.c:403
[0m

Rebooting...
ets Jun  8 2016 00:22:57

rst:0xc (SW_CPU_RESET),boot:0x13 (SPI_FAST_FLASH_BOOT)
configsip: 0, SPIWP:0xee
clk_drv:0x00,q_drv:0x00,d_drv:0x00,cs0_drv:0x00,hd_drv:0x00,wp_drv:0x00
mode:DIO, clock div:2
load:0x3fff0018,len:4
load:0x3fff001c,len:6324
load:0x40078000,len:11308
load:0x40080400,len:6680
entry 0x40080760
[0;32mI (29) boot: ESP-IDF v3.3-beta2-20-gff020c3a1 2nd stage bootloader[0m
[0;32mI (29) boot: compile time 20:26:51[0m
[0;32mI (29) boot: Enabling RNG early entropy source...[0m
[0;32mI (35) boot: SPI Speed      : 40MHz[0m
[0;32mI (39) boot: SPI Mode       : DIO[0m
[0;32mI (43) boot: SPI Flash Size : 4MB[0m
[0;32mI (47) boot: Partition Table:[0m
[0;32mI (51) boot: ## Label            Usage          Type ST Offset   Length[0m
[0;32mI (58) boot:  0 nvs              WiFi data        01 02 00009000 00006000[0m
[0;32mI (66) boot:  1 phy_init         RF data          01 01 0000f000 00001000[0m
[0;32mI (73) boot:  2 factory          factory app      00 00 00010000 00100000[0m
[0;32mI (81) boot:  3 storage          Unknown data     01 82 00180000 00100000[0m
[0;32mI (88) boot: End of partition table[0m
[0;32mI (92) esp_image: segment 0: paddr=0x00010020 vaddr=0x3f400020 size=0x0b098 ( 45208) map[0m
[0;32mI (117) esp_image: segment 1: paddr=0x0001b0c0 vaddr=0x3ffb0000 size=0x01eac (  7852) load[0m
[0;32mI (120) esp_image: segment 2: paddr=0x0001cf74 vaddr=0x40080000 size=0x00400 (  1024) load[0m
[0;33m0x40080000: _WindowOverflow4 at /home/corey/esp/esp-idf/components/freertos/xtensa_vectors.S:1779
[0m
[0;32mI (124) esp_image: segment 3: paddr=0x0001d37c vaddr=0x40080400 size=0x02c94 ( 11412) load[0m
[0;32mI (138) esp_image: segment 4: paddr=0x00020018 vaddr=0x400d0018 size=0x1c254 (115284) map[0m
[0;33m0x400d0018: _stext at ??:?
[0m
[0;32mI (182) esp_image: segment 5: paddr=0x0003c274 vaddr=0x40083094 size=0x06258 ( 25176) load[0m
[0;33m0x40083094: spi_flash_write at /home/corey/esp/esp-idf/components/spi_flash/flash_ops.c:344
[0m
[0;32mI (198) boot: Loaded app from partition at offset 0x10000[0m
[0;32mI (198) boot: Disabling RNG early entropy source...[0m
[0;32mI (199) cpu_start: Pro cpu up.[0m
[0;32mI (202) cpu_start: Application information:[0m
[0;32mI (207) cpu_start: Project name:     https_server[0m
[0;32mI (213) cpu_start: App version:      1[0m
[0;32mI (217) cpu_start: Compile time:     Mar 14 2019 21:22:00[0m
[0;32mI (223) cpu_start: ELF file SHA256:  302dc0f0642d9e13...[0m
[0;32mI (229) cpu_start: ESP-IDF:          v3.3-beta2-20-gff020c3a1[0m
[0;32mI (236) cpu_start: Starting app cpu, entry point is 0x400810cc[0m
[0;33m0x400810cc: call_start_cpu1 at /home/corey/esp/esp-idf/components/esp32/cpu_start.c:267
[0m
[0;32mI (228) cpu_start: App cpu up.[0m
[0;32mI (246) heap_init: Initializing. RAM available for dynamic allocation:[0m
[0;32mI (253) heap_init: At 3FFAE6E0 len 00001920 (6 KiB): DRAM[0m
[0;32mI (259) heap_init: At 3FFB2F78 len 0002D088 (180 KiB): DRAM[0m
[0;32mI (265) heap_init: At 3FFE0440 len 00003AE0 (14 KiB): D/IRAM[0m
[0;32mI (272) heap_init: At 3FFE4350 len 0001BCB0 (111 KiB): D/IRAM[0m
[0;32mI (278) heap_init: At 400892EC len 00016D14 (91 KiB): IRAM[0m
[0;32mI (284) cpu_start: Pro cpu start user code[0m
[0;32mI (303) cpu_start: Starting scheduler on PRO CPU.[0m
[0;32mI (0) cpu_start: Starting scheduler on APP CPU.[0m
[0;32mI (366) APP: Initializing SPIFFS[0m
[0;32mI (466) APP: Partition size: total: 956561, used: 15060[0m
Guru Meditation Error: Core  0 panic'ed (StoreProhibited). Exception was unhandled.
Core 0 register dump:
PC      : 0x400d2c70  PS      : 0x00060730  A0      : 0x800d2798  A1      : 0x3ffb4d20  
[0;33m0x400d2c70: te_init_template at /home/corey/esp/https_server/main/template_engine.c:35
[0m
A2      : 0x00000025  A3      : 0x3ffb2c10  A4      : 0x3ffae9e4  A5      : 0x00000000  
A6      : 0x00000210  A7      : 0x00000000  A8      : 0x00000000  A9      : 0x00000025  
A10     : 0x00000025  A11     : 0x00000210  A12     : 0x400827ec  A13     : 0x3ffb8a90  
[0;33m0x400827ec: _realloc_r at /home/corey/esp/esp-idf/components/newlib/syscalls.c:46
[0m
A14     : 0x00000000  A15     : 0x00000000  SAR     : 0x00000018  EXCCAUSE: 0x0000001d  
EXCVADDR: 0x00000000  LBEG    : 0x4000c349  LEND    : 0x4000c36b  LCOUNT  : 0x00000000  

ELF file SHA256: 302dc0f0642d9e1310aab263b4f6585c187c6cc6d2ed5267886ee83c6357fb1a

Backtrace: 0x400d2c70:0x3ffb4d20 0x400d2795:0x3ffb4d40 0x400d0e9a:0x3ffb4d70 0x40086b21:0x3ffb4d90
[0;33m0x400d2c70: te_init_template at /home/corey/esp/https_server/main/template_engine.c:35
[0m
[0;33m0x400d2795: app_main at /home/corey/esp/https_server/main/main.c:361
[0m
[0;33m0x400d0e9a: main_task at /home/corey/esp/esp-idf/components/esp32/cpu_start.c:530
[0m
[0;33m0x40086b21: vPortTaskWrapper at /home/corey/esp/esp-idf/components/freertos/port.c:403
[0m

Rebooting...
ets Jun  8 2016 00:22:57

rst:0xc (SW_CPU_RESET),boot:0x13 (SPI_FAST_FLASH_BOOT)
configsip: 0, SPIWP:0xee
clk_drv:0x00,q_drv:0x00,d_drv:0x00,cs0_drv:0x00,hd_drv:0x00,wp_drv:0x00
mode:DIO, clock div:2
load:0x3fff0018,len:4
load:0x3fff001c,len:6324
load:0x40078000,len:11308
load:0x40080400,len:6680
entry 0x40080760
[0;32mI (29) boot: ESP-IDF v3.3-beta2-20-gff020c3a1 2nd stage bootloader[0m
[0;32mI (29) boot: compile time 20:26:51[0m
[0;32mI (29) boot: Enabling RNG early entropy source...[0m
[0;32mI (35) boot: SPI Speed      : 40MHz[0m
[0;32mI (39) boot: SPI Mode       : DIO[0m
[0;32mI (43) boot: SPI Flash Size : 4MB[0m
[0;32mI (47) boot: Partition Table:[0m
[0;32mI (51) boot: ## Label            Usage          Type ST Offset   Length[0m
[0;32mI (58) boot:  0 nvs              WiFi data        01 02 00009000 00006000[0m
[0;32mI (66) boot:  1 phy_init         RF data          01 01 0000f000 00001000[0m
[0;32mI (73) boot:  2 factory          factory app      00 00 00010000 00100000[0m
[0;32mI (81) boot:  3 storage          Unknown data     01 82 00180000 00100000[0m
[0;32mI (88) boot: End of partition table[0m
[0;32mI (92) esp_image: segment 0: paddr=0x00010020 vaddr=0x3f400020 size=0x0b098 ( 45208) map[0m
[0;32mI (117) esp_image: segment 1: paddr=0x0001b0c0 vaddr=0x3ffb0000 size=0x01eac (  7852) load[0m
[0;32mI (120) esp_image: segment 2: paddr=0x0001cf74 vaddr=0x40080000 size=0x00400 (  1024) load[0m
[0;33m0x40080000: _WindowOverflow4 at /home/corey/esp/esp-idf/components/freertos/xtensa_vectors.S:1779
[0m
[0;32mI (124) esp_image: segment 3: paddr=0x0001d37c vaddr=0x40080400 size=0x02c94 ( 11412) load[0m
[0;32mI (138) esp_image: segment 4: paddr=0x00020018 vaddr=0x400d0018 size=0x1c254 (115284) map[0m
[0;33m0x400d0018: _stext at ??:?
[0m
[0;32mI (182) esp_image: segment 5: paddr=0x0003c274 vaddr=0x40083094 size=0x06258 ( 25176) load[0m
[0;33m0x40083094: spi_flash_write at /home/corey/esp/esp-idf/components/spi_flash/flash_ops.c:344
[0m
[0;32mI (198) boot: Loaded app from partition at offset 0x10000[0m
[0;32mI (198) boot: Disabling RNG early entropy source...[0m
[0;32mI (199) cpu_start: Pro cpu up.[0m
[0;32mI (202) cpu_start: Application information:[0m
[0;32mI (207) cpu_start: Project name:     https_server[0m
[0;32mI (213) cpu_start: App version:      1[0m
[0;32mI (217) cpu_start: Compile time:     Mar 14 2019 21:22:00[0m
[0;32mI (223) cpu_start: ELF file SHA256:  302dc0f0642d9e13...[0m
[0;32mI (229) cpu_start: ESP-IDF:          v3.3-beta2-20-gff020c3a1[0m
[0;32mI (236) cpu_start: Starting app cpu, entry point is 0x400810cc[0m
[0;33m0x400810cc: call_start_cpu1 at /home/corey/esp/esp-idf/components/esp32/cpu_start.c:267
[0m
[0;32mI (228) cpu_start: App cpu up.[0m
[0;32mI (246) heap_init: Initializing. RAM available for dynamic allocation:[0m
[0;32mI (253) heap_init: At 3FFAE6E0 len 00001920 (6 KiB): DRAM[0m
[0;32mI (259) heap_init: At 3FFB2F78 len 0002D088 (180 KiB): DRAM[0m
[0;32mI (265) heap_init: At 3FFE0440 len 00003AE0 (14 KiB): D/IRAM[0m
[0;32mI (272) heap_init: At 3FFE4350 len 0001BCB0 (111 KiB): D/IRAM[0m
[0;32mI (278) heap_init: At 400892EC len 00016D14 (91 KiB): IRAM[0m
[0;32mI (284) cpu_start: Pro cpu start user code[0m
[0;32mI (303) cpu_start: Starting scheduler on PRO CPU.[0m
[0;32mI (0) cpu_start: Starting scheduler on APP CPU.[0m
[0;32mI (366) APP: Initializing SPIFFS[0m
[0;32mI (466) APP: Partition size: total: 956561, used: 15060[0m
Guru Meditation Error: Core  0 panic'ed (StoreProhibited). Exception was unhandled.
Core 0 register dump:
PC      : 0x400d2c70  PS      : 0x00060530  A0      : 0x800d2798  A1      : 0x3ffb4d20  
[0;33m0x400d2c70: te_init_template at /home/corey/esp/https_server/main/template_engine.c:35
[0m
A2      : 0x00000025  A3      : 0x3ffb2c10  A4      : 0x3ffae9e4  A5      : 0x00000000  
A6      : 0x00000210  A7      : 0x00000000  A8      : 0x00000000  A9      : 0x00000025  
A10     : 0x00000025  A11     : 0x00000210  A12     : 0x400827ec  A13     : 0x3ffb8a90  
[0;33m0x400827ec: _realloc_r at /home/corey/esp/esp-idf/components/newlib/syscalls.c:46
[0m
A14     : 0x00000000  A15     : 0x00000000  SAR     : 0x00000018  EXCCAUSE: 0x0000001d  
EXCVADDR: 0x00000000  LBEG    : 0x4000c349  LEND    : 0x4000c36b  LCOUNT  : 0x00000000  

ELF file SHA256: 302dc0f0642d9e1310aab263b4f6585c187c6cc6d2ed5267886ee83c6357fb1a

Backtrace: 0x400d2c70:0x3ffb4d20 0x400d2795:0x3ffb4d40 0x400d0e9a:0x3ffb4d70 0x40086b21:0x3ffb4d90
[0;33m0x400d2c70: te_init_template at /home/corey/esp/https_server/main/template_engine.c:35
[0m
[0;33m0x400d2795: app_main at /home/corey/esp/https_server/main/main.c:361
[0m
[0;33m0x400d0e9a: main_task at /home/corey/esp/esp-idf/components/esp32/cpu_start.c:530
[0m
[0;33m0x40086b21: vPortTaskWrapper at /home/corey/esp/esp-idf/components/freertos/port.c:403
[0m

Rebooting...
ets Jun  8 2016 00:22:57

rst:0xc (SW_CPU_RESET),boot:0x13 (SPI_FAST_FLASH_BOOT)
configsip: 0, SPIWP:0xee
clk_drv:0x00,q_drv:0x00,d_drv:0x00,cs0_drv:0x00,hd_drv:0x00,wp_drv:0x00
mode:DIO, clock div:2
load:0x3fff0018,len:4
load:0x3fff001c,len:6324
load:0x40078000,len:11308
load:0x40080400,len:6680
entry 0x40080760
[0;32mI (29) boot: ESP-IDF v3.3-beta2-20-gff020c3a1 2nd stage bootloader[0m
[0;32mI (29) boot: compile time 20:26:51[0m
[0;32mI (29) boot: Enabling RNG early entropy source...[0m
[0;32mI (35) boot: SPI Speed      : 40MHz[0m
[0;32mI (39) boot: SPI Mode       : DIO[0m
[0;32mI (43) boot: SPI Flash Size : 4MB[0m
[0;32mI (47) boot: Partition Table:[0m
[0;32mI (51) boot: ## Label            Usage          Type ST Offset   Length[0m
[0;32mI (58) boot:  0 nvs              WiFi data        01 02 00009000 00006000[0m
[0;32mI (66) boot:  1 phy_init         RF data          01 01 0000f000 00001000[0m
[0;32mI (73) boot:  2 factory          factory app      00 00 00010000 00100000[0m
[0;32mI (81) boot:  3 storage          Unknown data     01 82 00180000 00100000[0m
[0;32mI (88) boot: End of partition table[0m
[0;32mI (92) esp_image: segment 0: paddr=0x00010020 vaddr=0x3f400020 size=0x0b098 ( 45208) map[0m
[0;32mI (117) esp_image: segment 1: paddr=0x0001b0c0 vaddr=0x3ffb0000 size=0x01eac (  7852) load[0m
[0;32mI (120) esp_image: segment 2: paddr=0x0001cf74 vaddr=0x40080000 size=0x00400 (  1024) load[0m
[0;33m0x40080000: _WindowOverflow4 at /home/corey/esp/esp-idf/components/freertos/xtensa_vectors.S:1779
[0m
[0;32mI (124) esp_image: segment 3: paddr=0x0001d37c vaddr=0x40080400 size=0x02c94 ( 11412) load[0m
[0;32mI (138) esp_image: segment 4: paddr=0x00020018 vaddr=0x400d0018 size=0x1c254 (115284) map[0m
[0;33m0x400d0018: _stext at ??:?
[0m
[0;32mI (182) esp_image: segment 5: paddr=0x0003c274 vaddr=0x40083094 size=0x06258 ( 25176) load[0m
[0;33m0x40083094: spi_flash_write at /home/corey/esp/esp-idf/components/spi_flash/flash_ops.c:344
[0m
[0;32mI (198) boot: Loaded app from partition at offset 0x10000[0m
[0;32mI (198) boot: Disabling RNG early entropy source...[0m
[0;32mI (199) cpu_start: Pro cpu up.[0m
[0;32mI (202) cpu_start: Application information:[0m
[0;32mI (207) cpu_start: Project name:     https_server[0m
[0;32mI (213) cpu_start: App version:      1[0m
[0;32mI (217) cpu_start: Compile time:     Mar 14 2019 21:22:00[0m
[0;32mI (223) cpu_start: ELF file SHA256:  302dc0f0642d9e13...[0m
[0;32mI (229) cpu_start: ESP-IDF:          v3.3-beta2-20-gff020c3a1[0m
[0;32mI (236) cpu_start: Starting app cpu, entry point is 0x400810cc[0m
[0;33m0x400810cc: call_start_cpu1 at /home/corey/esp/esp-idf/components/esp32/cpu_start.c:267
[0m
[0;32mI (228) cpu_start: App cpu up.[0m
[0;32mI (246) heap_init: Initializing. RAM available for dynamic allocation:[0m
[0;32mI (253) heap_init: At 3FFAE6E0 len 00001920 (6 KiB): DRAM[0m
[0;32mI (259) heap_init: At 3FFB2F78 len 0002D088 (180 KiB): DRAM[0m
[0;32mI (265) heap_init: At 3FFE0440 len 00003AE0 (14 KiB): D/IRAM[0m
[0;32mI (272) heap_init: At 3FFE4350 len 0001BCB0 (111 KiB): D/IRAM[0m
[0;32mI (278) heap_init: At 400892EC len 00016D14 (91 KiB): IRAM[0m
[0;32mI (284) cpu_start: Pro cpu start user code[0m
[0;32mI (303) cpu_start: Starting scheduler on PRO CPU.[0m
[0;32mI (0) cpu_start: Starting scheduler on APP CPU.[0m
[0;32mI (366) APP: Initializing SPIFFS[0m
[0;32mI (466) APP: Partition size: total: 956561, used: 15060[0m
Guru Meditation Error: Core  0 panic'ed (StoreProhibited). Exception was unhandled.
Core 0 register dump:
PC      : 0x400d2c70  PS      : 0x00060730  A0      : 0x800d2798  A1      : 0x3ffb4d20  
[0;33m0x400d2c70: te_init_template at /home/corey/esp/https_server/main/template_engine.c:35
[0m
A2      : 0x00000025  A3      : 0x3ffb2c10  A4      : 0x3ffae9e4  A5      : 0x00000000  
A6      : 0x00000210  A7      : 0x00000000  A8      : 0x00000000  A9      : 0x00000025  
A10     : 0x00000025  A11     : 0x00000210  A12     : 0x400827ec  A13     : 0x3ffb8a90  
[0;33m0x400827ec: _realloc_r at /home/corey/esp/esp-idf/components/newlib/syscalls.c:46
[0m
A14     : 0x00000000  A15     : 0x00000000  SAR     : 0x00000018  EXCCAUSE: 0x0000001d  
EXCVADDR: 0x00000000  LBEG    : 0x4000c349  LEND    : 0x4000c36b  LCOUNT  : 0x00000000  

ELF file SHA256: 302dc0f0642d9e1310aab263b4f6585c187c6cc6d2ed5267886ee83c6357fb1a

Backtrace: 0x400d2c70:0x3ffb4d20 0x400d2795:0x3ffb4d40 0x400d0e9a:0x3ffb4d70 0x40086b21:0x3ffb4d90
[0;33m0x400d2c70: te_init_template at /home/corey/esp/https_server/main/template_engine.c:35
[0m
[0;33m0x400d2795: app_main at /home/corey/esp/https_server/main/main.c:361
[0m
[0;33m0x400d0e9a: main_task at /home/corey/esp/esp-idf/components/esp32/cpu_start.c:530
[0m
[0;33m0x40086b21: vPortTaskWrapper at /home/corey/esp/esp-idf/components/freertos/port.c:403
[0m

Rebooting...
ets Jun  8 2016 00:22:57

rst:0xc (SW_CPU_RESET),boot:0x13 (SPI_FAST_FLASH_BOOT)
configsip: 0, SPIWP:0xee
clk_drv:0x00,q_drv:0x00,d_drv:0x00,cs0_drv:0x00,hd_drv:0x00,wp_drv:0x00
mode:DIO, clock div:2
load:0x3fff0018,len:4
load:0x3fff001c,len:6324
load:0x40078000,len:11308
load:0x40080400,len:6680
entry 0x40080760
[0;32mI (29) boot: ESP-IDF v3.3-beta2-20-gff020c3a1 2nd stage bootloader[0m
[0;32mI (29) boot: compile time 20:26:51[0m
[0;32mI (29) boot: Enabling RNG early entropy source...[0m
[0;32mI (35) boot: SPI Speed      : 40MHz[0m
[0;32mI (39) boot: SPI Mode       : DIO[0m
[0;32mI (43) boot: SPI Flash Size : 4MB[0m
[0;32mI (47) boot: Partition Table:[0m
[0;32mI (51) boot: ## Label            Usage          Type ST Offset   Length[0m
[0;32mI (58) boot:  0 nvs              WiFi data        01 02 00009000 00006000[0m
[0;32mI (66) boot:  1 phy_init         RF data          01 01 0000f000 00001000[0m
[0;32mI (73) boot:  2 factory          factory app      00 00 00010000 00100000[0m
[0;32mI (81) boot:  3 storage          Unknown data     01 82 00180000 00100000[0m
[0;32mI (88) boot: End of partition table[0m
[0;32mI (92) esp_image: segment 0: paddr=0x00010020 vaddr=0x3f400020 size=0x0b098 ( 45208) map[0m
[0;32mI (117) esp_image: segment 1: paddr=0x0001b0c0 vaddr=0x3ffb0000 size=0x01eac (  7852) load[0m
[0;32mI (120) esp_image: segment 2: paddr=0x0001cf74 vaddr=0x40080000 size=0x00400 (  1024) load[0m
[0;33m0x40080000: _WindowOverflow4 at /home/corey/esp/esp-idf/components/freertos/xtensa_vectors.S:1779
[0m
[0;32mI (124) esp_image: segment 3: paddr=0x0001d37c vaddr=0x40080400 size=0x02c94 ( 11412) load[0m
[0;32mI (138) esp_image: segment 4: paddr=0x00020018 vaddr=0x400d0018 size=0x1c254 (115284) map[0m
[0;33m0x400d0018: _stext at ??:?
[0m
[0;32mI (182) esp_image: segment 5: paddr=0x0003c274 vaddr=0x40083094 size=0x06258 ( 25176) load[0m
[0;33m0x40083094: spi_flash_write at /home/corey/esp/esp-idf/components/spi_flash/flash_ops.c:344
[0m
[0;32mI (198) boot: Loaded app from partition at offset 0x10000[0m
[0;32mI (198) boot: Disabling RNG early entropy source...[0m
[0;32mI (199) cpu_start: Pro cpu up.[0m
[0;32mI (202) cpu_start: Application information:[0m
[0;32mI (207) cpu_start: Project name:     https_server[0m
[0;32mI (213) cpu_start: App version:      1[0m
[0;32mI (217) cpu_start: Compile time:     Mar 14 2019 21:22:00[0m
[0;32mI (223) cpu_start: ELF file SHA256:  302dc0f0642d9e13...[0m
[0;32mI (229) cpu_start: ESP-IDF:          v3.3-beta2-20-gff020c3a1[0m
[0;32mI (236) cpu_start: Starting app cpu, entry point is 0x400810cc[0m
[0;33m0x400810cc: call_start_cpu1 at /home/corey/esp/esp-idf/components/esp32/cpu_start.c:267
[0m
[0;32mI (228) cpu_start: App cpu up.[0m
[0;32mI (246) heap_init: Initializing. RAM available for dynamic allocation:[0m
[0;32mI (253) heap_init: At 3FFAE6E0 len 00001920 (6 KiB): DRAM[0m
[0;32mI (259) heap_init: At 3FFB2F78 len 0002D088 (180 KiB): DRAM[0m
[0;32mI (265) heap_init: At 3FFE0440 len 00003AE0 (14 KiB): D/IRAM[0m
[0;32mI (272) heap_init: At 3FFE4350 len 0001BCB0 (111 KiB): D/IRAM[0m
[0;32mI (278) heap_init: At 400892EC len 00016D14 (91 KiB): IRAM[0m
[0;32mI (284) cpu_start: Pro cpu start user code[0m
[0;32mI (303) cpu_start: Starting scheduler on PRO CPU.[0m
[0;32mI (0) cpu_start: Starting scheduler on APP CPU.[0m
[0;32mI (366) APP: Initializing SPIFFS[0m
[0;32mI (466) APP: Partition size: total: 956561, used: 15060[0m
Guru Meditation Error: Core  0 panic'ed (StoreProhibited). Exception was unhandled.
Core 0 register dump:
PC      : 0x400d2c70  PS      : 0x00060730  A0      : 0x800d2798  A1      : 0x3ffb4d20  
[0;33m0x400d2c70: te_init_template at /home/corey/esp/https_server/main/template_engine.c:35
[0m
A2      : 0x00000025  A3      : 0x3ffb2c10  A4      : 0x3ffae9e4  A5      : 0x00000000  
A6      : 0x00000210  A7      : 0x00000000  A8      : 0x00000000  A9      : 0x00000025  
A10     : 0x00000025  A11     : 0x00000210  A12     : 0x400827ec  A13     : 0x3ffb8a90  
[0;33m0x400827ec: _realloc_r at /home/corey/esp/esp-idf/components/newlib/syscalls.c:46
[0m
A14     : 0x00000000  A15     : 0x00000000  SAR     : 0x00000018  EXCCAUSE: 0x0000001d  
EXCVADDR: 0x00000000  LBEG    : 0x4000c349  LEND    : 0x4000c36b  LCOUNT  : 0x00000000  

ELF file SHA256: 302dc0f0642d9e1310aab263b4f6585c187c6cc6d2ed5267886ee83c6357fb1a

Backtrace: 0x400d2c70:0x3ffb4d20 0x400d2795:0x3ffb4d40 0x400d0e9a:0x3ffb4d70 0x40086b21:0x3ffb4d90
[0;33m0x400d2c70: te_init_template at /home/corey/esp/https_server/main/template_engine.c:35
[0m
[0;33m0x400d2795: app_main at /home/corey/esp/https_server/main/main.c:361
[0m
[0;33m0x400d0e9a: main_task at /home/corey/esp/esp-idf/components/esp32/cpu_start.c:530
[0m
[0;33m0x40086b21: vPortTaskWrapper at /home/corey/esp/esp-idf/components/freertos/port.c:403
[0m

Rebooting...
ets Jun  8 2016 00:22:57

rst:0xc (SW_CPU_RESET),boot:0x13 (SPI_FAST_FLASH_BOOT)
configsip: 0, SPIWP:0xee
clk_drv:0x00,q_drv:0x00,d_drv:0x00,cs0_drv:0x00,hd_drv:0x00,wp_drv:0x00
mode:DIO, clock div:2
load:0x3fff0018,len:4
load:0x3fff001c,len:6324
load:0x40078000,len:11308
load:0x40080400,len:6680
entry 0x40080760
[0;32mI (29) boot: ESP-IDF v3.3-beta2-20-gff020c3a1 2nd stage bootloader[0m
[0;32mI (29) boot: compile time 20:26:51[0m
[0;32mI (29) boot: Enabling RNG early entropy source...[0m
[0;32mI (35) boot: SPI Speed      : 40MHz[0m
[0;32mI (39) boot: SPI Mode       : DIO[0m
[0;32mI (43) boot: SPI Flash Size : 4MB[0m
[0;32mI (47) boot: Partition Table:[0m
[0;32mI (51) boot: ## Label            Usage          Type ST Offset   Length[0m
[0;32mI (58) boot:  0 nvs              WiFi data        01 02 00009000 00006000[0m
[0;32mI (66) boot:  1 phy_init         RF data          01 01 0000f000 00001000[0m
[0;32mI (73) boot:  2 factory          factory app      00 00 00010000 00100000[0m
[0;32mI (81) boot:  3 storage          Unknown data     01 82 00180000 00100000[0m
[0;32mI (88) boot: End of partition table[0m
[0;32mI (92) esp_image: segment 0: paddr=0x00010020 vaddr=0x3f400020 size=0x0b098 ( 45208) map[0m
[0;32mI (117) esp_image: segment 1: paddr=0x0001b0c0 vaddr=0x3ffb0000 size=0x01eac (  7852) load[0m
[0;32mI (120) esp_image: segment 2: paddr=0x0001cf74 vaddr=0x40080000 size=0x00400 (  1024) load[0m
[0;33m0x40080000: _WindowOverflow4 at /home/corey/esp/esp-idf/components/freertos/xtensa_vectors.S:1779
[0m
[0;32mI (124) esp_image: segment 3: paddr=0x0001d37c vaddr=0x40080400 size=0x02c94 ( 11412) load[0m
[0;32mI (138) esp_image: segment 4: paddr=0x00020018 vaddr=0x400d0018 size=0x1c254 (115284) map[0m
[0;33m0x400d0018: _stext at ??:?
[0m
[0;32mI (182) esp_image: segment 5: paddr=0x0003c274 vaddr=0x40083094 size=0x06258 ( 25176) load[0m
[0;33m0x40083094: spi_flash_write at /home/corey/esp/esp-idf/components/spi_flash/flash_ops.c:344
[0m
[0;32mI (198) boot: Loaded app from partition at offset 0x10000[0m
[0;32mI (198) boot: Disabling RNG early entropy source...[0m
[0;32mI (199) cpu_start: Pro cpu up.[0m
[0;32mI (202) cpu_start: Application information:[0m
[0;32mI (207) cpu_start: Project name:     https_server[0m
[0;32mI (213) cpu_start: App version:      1[0m
[0;32mI (217) cpu_start: Compile time:     Mar 14 2019 21:22:00[0m
[0;32mI (223) cpu_start: ELF file SHA256:  302dc0f0642d9e13...[0m
[0;32mI (229) cpu_start: ESP-IDF:          v3.3-beta2-20-gff020c3a1[0m
[0;32mI (236) cpu_start: Starting app cpu, entry point is 0x400810cc[0m
[0;33m0x400810cc: call_start_cpu1 at /home/corey/esp/esp-idf/components/esp32/cpu_start.c:267
[0m
[0;32mI (228) cpu_start: App cpu up.[0m
[0;32mI (246) heap_init: Initializing. RAM available for dynamic allocation:[0m
[0;32mI (253) heap_init: At 3FFAE6E0 len 00001920 (6 KiB): DRAM[0m
[0;32mI (259) heap_init: At 3FFB2F78 len 0002D088 (180 KiB): DRAM[0m
[0;32mI (265) heap_init: At 3FFE0440 len 00003AE0 (14 KiB): D/IRAM[0m
[0;32mI (272) heap_init: At 3FFE4350 len 0001BCB0 (111 KiB): D/IRAM[0m
[0;32mI (278) heap_init: At 400892EC len 00016D14 (91 KiB): IRAM[0m
[0;32mI (284) cpu_start: Pro cpu start user code[0m
[0;32mI (303) cpu_start: Starting scheduler on PRO CPU.[0m
[0;32mI (0) cpu_start: Starting scheduler on APP CPU.[0m
[0;32mI (366) APP: Initializing SPIFFS[0m
[0;32mI (466) APP: Partition size: total: 956561, used: 15060[0m
Guru Meditation Error: Core  0 panic'ed (StoreProhibited). Exception was unhandled.
Core 0 register dump:
PC      : 0x400d2c70  PS      : 0x00060730  A0      : 0x800d2798  A1      : 0x3ffb4d20  
[0;33m0x400d2c70: te_init_template at /home/corey/esp/https_server/main/template_engine.c:35
[0m
A2      : 0x00000025  A3      : 0x3ffb2c10  A4      : 0x3ffae9e4  A5      : 0x00000000  
